 WizardTime

 Timestamp is 66316273 (Tue Apr 30 22:28:19 2024)

 Preferred load address is 0000000140000000

 Start         Length     Name                   Class
 0001:00000000 00010000H .textbss                DATA
 0002:00000000 00003110H .text$di                CODE
 0002:00003110 000134e0H .text$mn                CODE
 0002:000165f0 00001040H .text$mn$00             CODE
 0002:00017630 00001770H .text$x                 CODE
 0002:00018da0 0000101aH .text$yd                CODE
 0003:00000000 00000110H .CRT$XCA                DATA
 0003:00000110 00000110H .CRT$XCAA               DATA
 0003:00000220 00000110H .CRT$XCL                DATA
 0003:00000330 00000128H .CRT$XCU                DATA
 0003:00000458 00000110H .CRT$XCZ                DATA
 0003:00000568 00000110H .CRT$XIA                DATA
 0003:00000678 00000110H .CRT$XIAA               DATA
 0003:00000788 00000110H .CRT$XIAC               DATA
 0003:00000898 00000110H .CRT$XIZ                DATA
 0003:000009a8 00000110H .CRT$XPA                DATA
 0003:00000ab8 00000110H .CRT$XPZ                DATA
 0003:00000bc8 00000110H .CRT$XTA                DATA
 0003:00000cd8 00000118H .CRT$XTZ                DATA
 0003:00000df0 00003110H .rdata                  DATA
 0003:00003f00 00000200H .rdata$CastGuardVftablesA DATA
 0003:00004100 000001a0H .rdata$CastGuardVftablesC DATA
 0003:000042a0 000007e8H .rdata$r                DATA
 0003:00004a88 000001b0H .rdata$zzzdbg           DATA
 0003:00004c38 00000110H .rtc$IAA                DATA
 0003:00004d48 000001a0H .rtc$IMZ                DATA
 0003:00004ee8 00000110H .rtc$IZZ                DATA
 0003:00004ff8 00000110H .rtc$TAA                DATA
 0003:00005108 000001a0H .rtc$TMZ                DATA
 0003:000052a8 00000110H .rtc$TZZ                DATA
 0003:000053b8 000026b8H .xdata                  DATA
 0003:00007a70 00000274H .xdata$x                DATA
 0003:00007ce4 00000000H .edata                  DATA
 0004:00000000 00000180H .data                   DATA
 0004:00000180 000001d0H .data$r                 DATA
 0004:00000350 00000330H .data$rs                DATA
 0004:00000680 00000848H .bss                    DATA
 0005:00000000 000032b8H .pdata                  DATA
 0006:00000000 00000a18H .idata$5                DATA
 0006:00000a18 000000b4H .idata$2                DATA
 0006:00000acc 00000014H .idata$3                DATA
 0006:00000ae0 00000a18H .idata$4                DATA
 0006:000014f8 00001b49H .idata$6                DATA
 0007:00000000 000007daH .msvcjmc                DATA
 0008:00000000 00000175H .00cfg                  DATA
 0009:00000000 00000170H .rsrc$01                DATA
 0009:00000170 000002ccH .rsrc$02                DATA

  Address         Publics by Value              Rva+Base               Lib:Object

 0000:00000000       __AbsoluteZero             0000000000000000     <absolute>
 0000:00000000       ___safe_se_handler_count   0000000000000000     <absolute>
 0000:00000000       ___safe_se_handler_table   0000000000000000     <absolute>
 0000:00000000       __arm64x_extra_rfe_table   0000000000000000     <absolute>
 0000:00000000       __arm64x_extra_rfe_table_size 0000000000000000     <absolute>
 0000:00000000       __arm64x_native_entrypoint 0000000000000000     <absolute>
 0000:00000000       __arm64x_redirection_metadata 0000000000000000     <absolute>
 0000:00000000       __arm64x_redirection_metadata_count 0000000000000000     <absolute>
 0000:00000000       __dynamic_value_reloc_table 0000000000000000     <absolute>
 0000:00000000       __enclave_config           0000000000000000     <absolute>
 0000:00000000       __guard_check_icall_a64n_fptr 0000000000000000     <absolute>
 0000:00000000       __guard_eh_cont_count      0000000000000000     <absolute>
 0000:00000000       __guard_eh_cont_table      0000000000000000     <absolute>
 0000:00000000       __guard_fids_count         0000000000000000     <absolute>
 0000:00000000       __guard_fids_table         0000000000000000     <absolute>
 0000:00000000       __guard_iat_count          0000000000000000     <absolute>
 0000:00000000       __guard_iat_table          0000000000000000     <absolute>
 0000:00000000       __guard_longjmp_count      0000000000000000     <absolute>
 0000:00000000       __guard_longjmp_table      0000000000000000     <absolute>
 0000:00000000       __hybrid_auxiliary_delayload_iat 0000000000000000     <absolute>
 0000:00000000       __hybrid_auxiliary_delayload_iat_copy 0000000000000000     <absolute>
 0000:00000000       __hybrid_auxiliary_iat     0000000000000000     <absolute>
 0000:00000000       __hybrid_auxiliary_iat_copy 0000000000000000     <absolute>
 0000:00000000       __hybrid_code_map          0000000000000000     <absolute>
 0000:00000000       __hybrid_code_map_count    0000000000000000     <absolute>
 0000:00000000       __hybrid_image_info_bitfield 0000000000000000     <absolute>
 0000:00000000       __volatile_metadata        0000000000000000     <absolute>
 0000:00000000       __x64_code_ranges_to_entry_points 0000000000000000     <absolute>
 0000:00000000       __x64_code_ranges_to_entry_points_count 0000000000000000     <absolute>
 0000:00000100       __guard_flags              0000000000000100     <absolute>
 0000:00000000       __ImageBase                0000000140000000     <linker-defined>
 0001:00000000       __enc$textbss$begin        0000000140001000     <linker-defined>
 0001:00010000       __enc$textbss$end          0000000140011000     <linker-defined>
 0002:00003110       ??$?0AEBV?$allocator@D@std@@$$V@?$_Compressed_pair@V?$allocator@D@std@@V?$_String_val@U?$_Simple_types@D@std@@@2@$00@std@@QEAA@U_One_then_variadic_args_t@1@AEBV?$allocator@D@1@@Z 0000000140014110 f i Game.obj
 0002:00003170       ??$?0D@?$allocator@U_Container_proxy@std@@@std@@QEAA@AEBV?$allocator@D@1@@Z 0000000140014170 f i Game.obj
 0002:000031c0       ??$?0PEAD$0A@@?$basic_string@DU?$char_traits@D@std@@V?$allocator@D@2@@std@@QEAA@PEAD0AEBV?$allocator@D@1@@Z 00000001400141c0 f i Game.obj
 0002:00003300       ??$?0V?$allocator@D@std@@$$V@?$_Compressed_pair@V?$allocator@D@std@@V?$_String_val@U?$_Simple_types@D@std@@@2@$00@std@@QEAA@U_One_then_variadic_args_t@1@$$QEAV?$allocator@D@1@@Z 0000000140014300 f i Game.obj
 0002:00003360       ??$?6U?$char_traits@D@std@@@std@@YAAEAV?$basic_ostream@DU?$char_traits@D@std@@@0@AEAV10@PEBD@Z 0000000140014360 f i Game.obj
 0002:00003840       ??$?HDU?$char_traits@D@std@@V?$allocator@D@1@@std@@YA?AV?$basic_string@DU?$char_traits@D@std@@V?$allocator@D@2@@0@QEBD$$QEAV10@@Z 0000000140014840 f i Game.obj
 0002:000038e0       ??$_Adl_verify_range@PEADPEAD@std@@YAXAEBQEAD0@Z 00000001400148e0 f i Game.obj
 0002:00003940       ??$_Alloc_proxy@V?$allocator@U_Container_proxy@std@@@std@@@_Container_base12@std@@QEAAX$$QEAV?$allocator@U_Container_proxy@std@@@1@@Z 0000000140014940 f i Game.obj
 0002:000039f0       ??$_Allocate@$0BA@U_Default_allocate_traits@std@@$0A@@std@@YAPEAX_K@Z 00000001400149f0 f i Game.obj
 0002:00003a70       ??$_Allocate_manually_vector_aligned@U_Default_allocate_traits@std@@@std@@YAPEAX_K@Z 0000000140014a70 f i Game.obj
 0002:00003bd0       ??$_Construct@$00PEAD@?$basic_string@DU?$char_traits@D@std@@V?$allocator@D@2@@std@@AEAAXQEAD_K@Z 0000000140014bd0 f i Game.obj
 0002:00003ef0       ??$_Construct_in_place@PEADAEAPEAD@std@@YAXAEAPEAD0@Z 0000000140014ef0 f i Game.obj
 0002:00003f70       ??$_Construct_in_place@PEADAEBQEAD@std@@YAXAEAPEADAEBQEAD@Z 0000000140014f70 f i Game.obj
 0002:00003ff0       ??$_Construct_in_place@U_Container_proxy@std@@PEAU_Container_base12@2@@std@@YAXAEAU_Container_proxy@0@$$QEAPEAU_Container_base12@0@@Z 0000000140014ff0 f i Game.obj
 0002:00004070       ??$_Convert_size@_K_K@std@@YA_K_K@Z 0000000140015070 f i Game.obj
 0002:000040b0       ??$_Deallocate@$0BA@$0A@@std@@YAXPEAX_K@Z 00000001400150b0 f i Game.obj
 0002:00004130       ??$_Deallocate_plain@V?$allocator@U_Container_proxy@std@@@std@@@std@@YAXAEAV?$allocator@U_Container_proxy@std@@@0@QEAU_Container_proxy@0@@Z 0000000140015130 f i Game.obj
 0002:00004190       ??$_Delete_plain_internal@V?$allocator@U_Container_proxy@std@@@std@@@std@@YAXAEAV?$allocator@U_Container_proxy@std@@@0@QEAU_Container_proxy@0@@Z 0000000140015190 f i Game.obj
 0002:000041f0       ??$_Destroy_in_place@PEAD@std@@YAXAEAPEAD@Z 00000001400151f0 f i Game.obj
 0002:00004230       ??$_Get_size_of_n@$00@std@@YA_K_K@Z 0000000140015230 f i Game.obj
 0002:00004280       ??$_Get_size_of_n@$0BA@@std@@YA_K_K@Z 0000000140015280 f i Game.obj
 0002:00004300       ??$_Get_unwrapped@AEAPEAD@std@@YA?A_TAEAPEAD@Z 0000000140015300 f i Game.obj
 0002:00004340       ??$_Integral_to_string@DH@std@@YA?AV?$basic_string@DU?$char_traits@D@std@@V?$allocator@D@2@@0@H@Z 0000000140015340 f i Game.obj
 0002:000044b0       ??$_Reallocate_grow_by@V<lambda_1>@?1??insert@?$basic_string@DU?$char_traits@D@std@@V?$allocator@D@2@@std@@QEAAAEAV34@_KQEBD0@Z@_KPEBD_K@?$basic_string@DU?$char_traits@D@std@@V?$allocator@D@2@@std@@AEAAAEAV01@_KV<lambda_1>@?1??insert@01@QEAAAEAV01@0QEBD0@Z@_KPEBD3@Z 00000001400154b0 f i Game.obj
 0002:000047f0       ??$_UIntegral_to_buff@DI@std@@YAPEADPEADI@Z 00000001400157f0 f i Game.obj
 0002:00004890       ??$_Unfancy@D@std@@YAPEADPEAD@Z 0000000140015890 f i Game.obj
 0002:000048d0       ??$_Unfancy@U_Container_proxy@std@@@std@@YAPEAU_Container_proxy@0@PEAU10@@Z 00000001400158d0 f i Game.obj
 0002:00004910       ??$_Verify_range@D@std@@YAXQEBD0@Z 0000000140015910 f i Game.obj
 0002:00004a00       ??$addressof@$$CBV?$_String_val@U?$_Simple_types@D@std@@@std@@@std@@YAPEBV?$_String_val@U?$_Simple_types@D@std@@@0@AEBV10@@Z 0000000140015a00 f i Game.obj
 0002:00004a40       ??$addressof@PEAD@std@@YAPEAPEADAEAPEAD@Z 0000000140015a40 f i Game.obj
 0002:00004a80       ??$addressof@U_Container_base12@std@@@std@@YAPEAU_Container_base12@0@AEAU10@@Z 0000000140015a80 f i Game.obj
 0002:00004ac0       ??$addressof@U_Container_proxy@std@@@std@@YAPEAU_Container_proxy@0@AEAU10@@Z 0000000140015ac0 f i Game.obj
 0002:00004b00       ??$addressof@V?$_String_val@U?$_Simple_types@D@std@@@std@@@std@@YAPEAV?$_String_val@U?$_Simple_types@D@std@@@0@AEAV10@@Z 0000000140015b00 f i Game.obj
 0002:00004b40       ??$end@D$0BF@@std@@YAPEADAEAY0BF@D@Z 0000000140015b40 f i Game.obj
 0002:00004b90       ??$endl@DU?$char_traits@D@std@@@std@@YAAEAV?$basic_ostream@DU?$char_traits@D@std@@@0@AEAV10@@Z 0000000140015b90 f i Game.obj
 0002:00004c20       ??$exchange@PEAU_Iterator_base12@std@@$$T@std@@YAPEAU_Iterator_base12@0@AEAPEAU10@$$QEA$$T@Z 0000000140015c20 f i Game.obj
 0002:00004c90       ??$max@_K@std@@YAAEB_KAEB_K0@Z 0000000140015c90 f i Game.obj
 0002:00004d30       ??$min@_K@std@@YAAEB_KAEB_K0@Z 0000000140015d30 f i Game.obj
 0002:00004dd0       ??0?$_Container_proxy_ptr12@V?$allocator@U_Container_proxy@std@@@std@@@std@@QEAA@AEAV?$allocator@U_Container_proxy@std@@@1@AEAU_Container_base12@1@@Z 0000000140015dd0 f i Game.obj
 0002:00004ec0       ??0?$_String_val@U?$_Simple_types@D@std@@@std@@QEAA@XZ 0000000140015ec0 f i Game.obj
 0002:00004f50       ??0?$allocator@D@std@@QEAA@XZ 0000000140015f50 f i Game.obj
 0002:00004f90       ??0?$basic_string@DU?$char_traits@D@std@@V?$allocator@D@2@@std@@QEAA@$$QEAV01@@Z 0000000140015f90 f i Game.obj
 0002:00005050       ??0Game@@QEAA@XZ           0000000140016050 f   Game.obj
 0002:000050d0       ??0_Basic_container_proxy_ptr12@std@@IEAA@XZ 00000001400160d0 f i Game.obj
 0002:00005120       ??0_Bxty@?$_String_val@U?$_Simple_types@D@std@@@std@@QEAA@XZ 0000000140016120 f i Game.obj
 0002:00005180       ??0_Container_base12@std@@QEAA@XZ 0000000140016180 f i Game.obj
 0002:000051d0       ??0_Container_proxy@std@@QEAA@PEAU_Container_base12@1@@Z 00000001400161d0 f i Game.obj
 0002:00005240       ??0_Sentry_base@?$basic_ostream@DU?$char_traits@D@std@@@std@@QEAA@AEAV12@@Z 0000000140016240 f i Game.obj
 0002:00005300       ??0bad_alloc@std@@AEAA@QEBD@Z 0000000140016300 f i Game.obj
 0002:00005380       ??0bad_alloc@std@@QEAA@AEBV01@@Z 0000000140016380 f i Game.obj
 0002:000053e0       ??0bad_array_new_length@std@@QEAA@AEBV01@@Z 00000001400163e0 f i Game.obj
 0002:00005440       ??0bad_array_new_length@std@@QEAA@XZ 0000000140016440 f i Game.obj
 0002:000054b0       ??0exception@std@@QEAA@AEBV01@@Z 00000001400164b0 f i Game.obj
 0002:00005550       ??0exception@std@@QEAA@QEBDH@Z 0000000140016550 f i Game.obj
 0002:000055f0       ??0sentry@?$basic_ostream@DU?$char_traits@D@std@@@std@@QEAA@AEAV12@@Z 00000001400165f0 f i Game.obj
 0002:00005740       ??1?$_Compressed_pair@V?$allocator@D@std@@V?$_String_val@U?$_Simple_types@D@std@@@2@$00@std@@QEAA@XZ 0000000140016740 f i Game.obj
 0002:00005780       ??1?$_Container_proxy_ptr12@V?$allocator@U_Container_proxy@std@@@std@@@std@@QEAA@XZ 0000000140016780 f i Game.obj
 0002:000057f0       ??1?$_String_val@U?$_Simple_types@D@std@@@std@@QEAA@XZ 00000001400167f0 f i Game.obj
 0002:00005830       ??1?$basic_string@DU?$char_traits@D@std@@V?$allocator@D@2@@std@@QEAA@XZ 0000000140016830 f i Game.obj
 0002:00005940       ??1Game@@QEAA@XZ           0000000140016940 f   Game.obj
 0002:000059b0       ??1_Bxty@?$_String_val@U?$_Simple_types@D@std@@@std@@QEAA@XZ 00000001400169b0 f i Game.obj
 0002:000059f0       ??1_Sentry_base@?$basic_ostream@DU?$char_traits@D@std@@@std@@QEAA@XZ 00000001400169f0 f i Game.obj
 0002:00005a90       ??1bad_alloc@std@@UEAA@XZ  0000000140016a90 f i Game.obj
 0002:00005ad0       ??1bad_array_new_length@std@@UEAA@XZ 0000000140016ad0 f i Game.obj
 0002:00005b10       ??1exception@std@@UEAA@XZ  0000000140016b10 f i Game.obj
 0002:00005b70       ??1sentry@?$basic_ostream@DU?$char_traits@D@std@@@std@@QEAA@XZ 0000000140016b70 f i Game.obj
 0002:00005c00       ??2@YAPEAX_KPEAX@Z         0000000140016c00 f i Game.obj
 0002:00005c50       ??Bsentry@?$basic_ostream@DU?$char_traits@D@std@@@std@@QEBA_NXZ 0000000140016c50 f i Game.obj
 0002:00005ca0       ??R<lambda_1>@?1??insert@?$basic_string@DU?$char_traits@D@std@@V?$allocator@D@2@@std@@QEAAAEAV23@_KQEBD0@Z@QEBA@QEAD10010@Z 0000000140016ca0 f i Game.obj
 0002:00005dc0       ??_Ebad_alloc@std@@UEAAPEAXI@Z 0000000140016dc0 f i Game.obj
 0002:00005dc0       ??_Gbad_alloc@std@@UEAAPEAXI@Z 0000000140016dc0 f i Game.obj
 0002:00005e30       ??_Ebad_array_new_length@std@@UEAAPEAXI@Z 0000000140016e30 f i Game.obj
 0002:00005e30       ??_Gbad_array_new_length@std@@UEAAPEAXI@Z 0000000140016e30 f i Game.obj
 0002:00005ea0       ??_Eexception@std@@UEAAPEAXI@Z 0000000140016ea0 f i Game.obj
 0002:00005ea0       ??_Gexception@std@@UEAAPEAXI@Z 0000000140016ea0 f i Game.obj
 0002:00005f10       ?_Activate_SSO_buffer@?$_String_val@U?$_Simple_types@D@std@@@std@@QEAAXXZ 0000000140016f10 f i Game.obj
 0002:00005f50       ?_Adjust_manually_vector_aligned@std@@YAXAEAPEAXAEA_K@Z 0000000140016f50 f i Game.obj
 0002:00006190       ?_Allocate@_Default_allocate_traits@std@@SAPEAX_K@Z 0000000140017190 f i Game.obj
 0002:000061e0       ?_Calculate_growth@?$basic_string@DU?$char_traits@D@std@@V?$allocator@D@2@@std@@AEBA_K_K@Z 00000001400171e0 f i Game.obj
 0002:00006250       ?_Calculate_growth@?$basic_string@DU?$char_traits@D@std@@V?$allocator@D@2@@std@@CA_K_K00@Z 0000000140017250 f i Game.obj
 0002:000063b0       ?_Check_offset@?$_String_val@U?$_Simple_types@D@std@@@std@@QEBAX_K@Z 00000001400173b0 f i Game.obj
 0002:00006410       ?_Get_first@?$_Compressed_pair@V?$allocator@D@std@@V?$_String_val@U?$_Simple_types@D@std@@@2@$00@std@@QEAAAEAV?$allocator@D@2@XZ 0000000140017410 f i Game.obj
 0002:00006450       ?_Get_first@?$_Compressed_pair@V?$allocator@D@std@@V?$_String_val@U?$_Simple_types@D@std@@@2@$00@std@@QEBAAEBV?$allocator@D@2@XZ 0000000140017450 f i Game.obj
 0002:00006490       ?_Getal@?$basic_string@DU?$char_traits@D@std@@V?$allocator@D@2@@std@@AEAAAEAV?$allocator@D@2@XZ 0000000140017490 f i Game.obj
 0002:000064e0       ?_Getal@?$basic_string@DU?$char_traits@D@std@@V?$allocator@D@2@@std@@AEBAAEBV?$allocator@D@2@XZ 00000001400174e0 f i Game.obj
 0002:00006530       ?_Large_string_engaged@?$_String_val@U?$_Simple_types@D@std@@@std@@QEBA_NXZ 0000000140017530 f i Game.obj
 0002:000065a0       ?_Memcpy_val_from@?$basic_string@DU?$char_traits@D@std@@V?$allocator@D@2@@std@@AEAAXAEBV12@@Z 00000001400175a0 f i Game.obj
 0002:00006630       ?_Myptr@?$_String_val@U?$_Simple_types@D@std@@@std@@QEAAPEADXZ 0000000140017630 f i Game.obj
 0002:000066b0       ?_Myptr@?$_String_val@U?$_Simple_types@D@std@@@std@@QEBAPEBDXZ 00000001400176b0 f i Game.obj
 0002:00006730       ?_Orphan_all@_Container_base12@std@@QEAAXXZ 0000000140017730 f i Game.obj
 0002:00006780       ?_Orphan_all_locked_v3@_Container_base12@std@@AEAAXXZ 0000000140017780 f i Game.obj
 0002:00006840       ?_Orphan_all_unlocked_v3@_Container_base12@std@@AEAAXXZ 0000000140017840 f i Game.obj
 0002:000068f0       ?_Release@_Basic_container_proxy_ptr12@std@@QEAAXXZ 00000001400178f0 f i Game.obj
 0002:00006940       ?_Start_element_lifetimes@?$basic_string@DU?$char_traits@D@std@@V?$allocator@D@2@@std@@CAXQEAD_K@Z 0000000140017940 f i Game.obj
 0002:00006980       ?_Swap_proxy_and_iterators@?$basic_string@DU?$char_traits@D@std@@V?$allocator@D@2@@std@@AEAAXAEAV12@@Z 0000000140017980 f i Game.obj
 0002:000069e0       ?_Swap_proxy_and_iterators@_Container_base12@std@@QEAAXAEAU12@@Z 00000001400179e0 f i Game.obj
 0002:00006a40       ?_Swap_proxy_and_iterators_locked@_Container_base12@std@@AEAAXAEAU12@@Z 0000000140017a40 f i Game.obj
 0002:00006b10       ?_Swap_proxy_and_iterators_unlocked@_Container_base12@std@@AEAAXAEAU12@@Z 0000000140017b10 f i Game.obj
 0002:00006be0       ?_Take_contents@?$basic_string@DU?$char_traits@D@std@@V?$allocator@D@2@@std@@AEAAXAEAV12@@Z 0000000140017be0 f i Game.obj
 0002:00006d90       ?_Throw_bad_array_new_length@std@@YAXXZ 0000000140017d90 f i Game.obj
 0002:00006df0       ?_Tidy_deallocate@?$basic_string@DU?$char_traits@D@std@@V?$allocator@D@2@@std@@AEAAXXZ 0000000140017df0 f i Game.obj
 0002:00006f10       ?_Tidy_init@?$basic_string@DU?$char_traits@D@std@@V?$allocator@D@2@@std@@AEAAXXZ 0000000140017f10 f i Game.obj
 0002:00006fb0       ?_Xlen_string@std@@YAXXZ   0000000140017fb0 f i Game.obj
 0002:00006ff0       ?_Xran@?$_String_val@U?$_Simple_types@D@std@@@std@@SAXXZ 0000000140017ff0 f i Game.obj
 0002:00007030       ?__autoclassinit2@UI@@QEAAX_K@Z 0000000140018030 f i Game.obj
 0002:00007070       ?__empty_global_delete@@YAXPEAX@Z 0000000140018070 f i Game.obj
 0002:000070b0       ?__empty_global_delete@@YAXPEAX_K@Z 00000001400180b0 f i Game.obj
 0002:000070b0       ?__global_delete@@YAXPEAX_K@Z 00000001400180b0 f i Game.obj
 0002:000070f0       ?allocate@?$allocator@D@std@@QEAAPEAD_K@Z 00000001400180f0 f i Game.obj
 0002:00007150       ?allocate@?$allocator@U_Container_proxy@std@@@std@@QEAAPEAU_Container_proxy@2@_K@Z 0000000140018150 f i Game.obj
 0002:000071b0       ?assign@?$_Narrow_char_traits@DH@std@@SAXAEADAEBD@Z 00000001400181b0 f i Game.obj
 0002:00007210       ?c_str@?$basic_string@DU?$char_traits@D@std@@V?$allocator@D@2@@std@@QEBAPEBDXZ 0000000140018210 f i Game.obj
 0002:00007260       ?copy@?$_Char_traits@DH@std@@SAPEADQEADQEBD_K@Z 0000000140018260 f i Game.obj
 0002:000072d0       ?deallocate@?$_Default_allocator_traits@V?$allocator@U_Container_proxy@std@@@std@@@std@@SAXAEAV?$allocator@U_Container_proxy@std@@@2@QEAU_Container_proxy@2@_K@Z 00000001400182d0 f i Game.obj
 0002:00007330       ?deallocate@?$allocator@D@std@@QEAAXQEAD_K@Z 0000000140018330 f i Game.obj
 0002:00007440       ?eof@?$_Narrow_char_traits@DH@std@@SAHXZ 0000000140018440 f i Game.obj
 0002:00007480       ?eq_int_type@?$_Narrow_char_traits@DH@std@@SA_NAEBH0@Z 0000000140018480 f i Game.obj
 0002:00007500       ?init@Game@@QEAAXXZ        0000000140018500 f   Game.obj
 0002:00007960       ?input@Game@@QEAAXXZ       0000000140018960 f   Game.obj
 0002:00007a30       ?insert@?$basic_string@DU?$char_traits@D@std@@V?$allocator@D@2@@std@@QEAAAEAV12@_KQEBD0@Z 0000000140018a30 f i Game.obj
 0002:00007d20       ?insert@?$basic_string@DU?$char_traits@D@std@@V?$allocator@D@2@@std@@QEAAAEAV12@_KQEBD@Z 0000000140018d20 f i Game.obj
 0002:00007da0       ?length@?$_Narrow_char_traits@DH@std@@SA_KQEBD@Z 0000000140018da0 f i Game.obj
 0002:00007df0       ?loop@Game@@QEAAXXZ        0000000140018df0 f   Game.obj
 0002:00007f60       ?max@?$numeric_limits@_J@std@@SA_JXZ 0000000140018f60 f i Game.obj
 0002:00007fa0       ?max_size@?$_Default_allocator_traits@V?$allocator@D@std@@@std@@SA_KAEBV?$allocator@D@2@@Z 0000000140018fa0 f i Game.obj
 0002:00007fe0       ?max_size@?$basic_string@DU?$char_traits@D@std@@V?$allocator@D@2@@std@@QEBA_KXZ 0000000140018fe0 f i Game.obj
 0002:00008100       ?move@?$_Char_traits@DH@std@@SAPEADQEADQEBD_K@Z 0000000140019100 f i Game.obj
 0002:00008170       ?render@Game@@QEAAXXZ      0000000140019170 f   Game.obj
 0002:000082b0       ?to_string@std@@YA?AV?$basic_string@DU?$char_traits@D@std@@V?$allocator@D@2@@1@H@Z 00000001400192b0 f i Game.obj
 0002:00008330       ?update@Game@@QEAAXXZ      0000000140019330 f   Game.obj
 0002:00008470       ?what@exception@std@@UEBAPEBDXZ 0000000140019470 f i Game.obj
 0002:000084f0       __JustMyCode_Default       00000001400194f0 f i Game.obj
 0002:00008500       ??$?0$$V@?$_Compressed_pair@V?$allocator@D@std@@V?$_String_val@U?$_Simple_types@D@std@@@2@$00@std@@QEAA@U_Zero_then_variadic_args_t@1@@Z 0000000140019500 f i Gameworld.obj
 0002:00008570       ??$?0$$V@?$_Compressed_pair@V?$allocator@VObj@@@std@@V?$_Vector_val@U?$_Simple_types@VObj@@@std@@@2@$00@std@@QEAA@U_Zero_then_variadic_args_t@1@@Z 0000000140019570 f i Gameworld.obj
 0002:000085e0       ??$?0VObj@@@?$allocator@U_Container_proxy@std@@@std@@QEAA@AEBV?$allocator@VObj@@@1@@Z 00000001400195e0 f i Gameworld.obj
 0002:00008630       ??$_Construct@$00PEBD@?$basic_string@DU?$char_traits@D@std@@V?$allocator@D@2@@std@@AEAAXQEBD_K@Z 0000000140019630 f i Gameworld.obj
 0002:00008940       ??0?$_Vector_val@U?$_Simple_types@VObj@@@std@@@std@@QEAA@XZ 0000000140019940 f i Gameworld.obj
 0002:000089d0       ??0?$allocator@VObj@@@std@@QEAA@XZ 00000001400199d0 f i Gameworld.obj
 0002:00008a10       ??0?$basic_string@DU?$char_traits@D@std@@V?$allocator@D@2@@std@@QEAA@QEBD@Z 0000000140019a10 f i Gameworld.obj
 0002:00008ab0       ??0?$vector@VObj@@V?$allocator@VObj@@@std@@@std@@QEAA@XZ 0000000140019ab0 f i Gameworld.obj
 0002:00008b40       ??0Gameworld@@QEAA@XZ      0000000140019b40 f   Gameworld.obj
 0002:00008c20       ??0Obj@@QEAA@XZ            0000000140019c20 f i Gameworld.obj
 0002:00008d20       ??0Tilemap@@QEAA@XZ        0000000140019d20 f i Gameworld.obj
 0002:00008d90       ?_Get_first@?$_Compressed_pair@V?$allocator@VObj@@@std@@V?$_Vector_val@U?$_Simple_types@VObj@@@std@@@2@$00@std@@QEAAAEAV?$allocator@VObj@@@2@XZ 0000000140019d90 f i Gameworld.obj
 0002:00008dd0       ?_Getal@?$vector@VObj@@V?$allocator@VObj@@@std@@@std@@AEAAAEAV?$allocator@VObj@@@2@XZ 0000000140019dd0 f i Gameworld.obj
 0002:00008e20       ?__autoclassinit2@Obj@@QEAAX_K@Z 0000000140019e20 f i Gameworld.obj
 0002:00008e60       ?__autoclassinit2@Tilemap@@QEAAX_K@Z 0000000140019e60 f i Gameworld.obj
 0002:00008ea0       ?init@Gameworld@@QEAAXPEAUSDL_Renderer@@@Z 0000000140019ea0 f   Gameworld.obj
 0002:00008fc0       ?input@Gameworld@@QEAAXTSDL_Event@@@Z 0000000140019fc0 f   Gameworld.obj
 0002:000090b0       ?loadLevel@Gameworld@@QEAAXPEAUSDL_Renderer@@@Z 000000014001a0b0 f   Gameworld.obj
 0002:00009110       ?render@Gameworld@@QEAAXPEAUSDL_Renderer@@@Z 000000014001a110 f   Gameworld.obj
 0002:00009180       ?setID@Obj@@QEAAXH@Z       000000014001a180 f i Gameworld.obj
 0002:000091d0       ?update@Gameworld@@QEAAXXZ 000000014001a1d0 f   Gameworld.obj
 0002:00009210       ?getDestination@Obj@@QEBA?AUSDL_Rect@@XZ 000000014001a210 f i Obj.obj
 0002:00009280       ?getSource@Obj@@QEBA?AUSDL_Rect@@XZ 000000014001a280 f i Obj.obj
 0002:000092f0       ?renderer@Obj@@QEAAXPEAUSDL_Renderer@@@Z 000000014001a2f0 f   Obj.obj
 0002:00009400       ?setDestination@Obj@@QEAAXVV2D@@@Z 000000014001a400 f   Obj.obj
 0002:00009470       ?setDestination@Obj@@QEAAXVV2D@@HH@Z 000000014001a470 f   Obj.obj
 0002:00009510       ?setImage@Obj@@QEAAXV?$basic_string@DU?$char_traits@D@std@@V?$allocator@D@2@@std@@PEAUSDL_Renderer@@@Z 000000014001a510 f   Obj.obj
 0002:000095a0       ?setSource@Obj@@QEAAXHHHH@Z 000000014001a5a0 f   Obj.obj
 0002:00009640       ?update@Obj@@QEAAXXZ       000000014001a640 f   Obj.obj
 0002:00009680       ??0Splashscreen@@QEAA@PEAUSDL_Renderer@@@Z 000000014001a680 f   Splashscreen.obj
 0002:00009b10       ??$?0AEAPEAV_Facet_base@std@@@?$_Compressed_pair@U?$default_delete@V_Facet_base@std@@@std@@PEAV_Facet_base@2@$00@std@@QEAA@U_Zero_then_variadic_args_t@1@AEAPEAV_Facet_base@1@@Z 000000014001ab10 f i Tilemap.obj
 0002:00009b70       ??$?0U?$default_delete@V_Facet_base@std@@@std@@$0A@@?$unique_ptr@V_Facet_base@std@@U?$default_delete@V_Facet_base@std@@@2@@std@@QEAA@PEAV_Facet_base@1@@Z 000000014001ab70 f i Tilemap.obj
 0002:00009be0       ??$_Construct_in_place@VObj@@AEBV1@@std@@YAXAEAVObj@@AEBV1@@Z 000000014001abe0 f i Tilemap.obj
 0002:00009c60       ??$_Copy_memmove@PEAVObj@@PEAV1@@std@@YAPEAVObj@@PEAV1@00@Z 000000014001ac60 f i Tilemap.obj
 0002:00009d60       ??$_Destroy_range@V?$allocator@VObj@@@std@@@std@@YAXPEAVObj@@QEAV1@AEAV?$allocator@VObj@@@0@@Z 000000014001ad60 f i Tilemap.obj
 0002:00009da0       ??$_Emplace_back@VObj@@@?$_Uninitialized_backout_al@V?$allocator@VObj@@@std@@@std@@QEAAX$$QEAVObj@@@Z 000000014001ada0 f i Tilemap.obj
 0002:00009e30       ??$_Emplace_back_with_unused_capacity@AEBVObj@@@?$vector@VObj@@V?$allocator@VObj@@@std@@@std@@AEAAAEAVObj@@AEBV2@@Z 000000014001ae30 f i Tilemap.obj
 0002:00009ef0       ??$_Emplace_one_at_back@AEBVObj@@@?$vector@VObj@@V?$allocator@VObj@@@std@@@std@@AEAAAEAVObj@@AEBV2@@Z 000000014001aef0 f i Tilemap.obj
 0002:00009fa0       ??$_Emplace_reallocate@AEBVObj@@@?$vector@VObj@@V?$allocator@VObj@@@std@@@std@@AEAAPEAVObj@@QEAV2@AEBV2@@Z 000000014001afa0 f i Tilemap.obj
 0002:0000a280       ??$_Fgetc@D@std@@YA_NAEADPEAU_iobuf@@@Z 000000014001b280 f i Tilemap.obj
 0002:0000a2f0       ??$_Fputc@D@std@@YA_NDPEAU_iobuf@@@Z 000000014001b2f0 f i Tilemap.obj
 0002:0000a370       ??$_Get_size_of_n@$0DI@@std@@YA_K_K@Z 000000014001b370 f i Tilemap.obj
 0002:0000a3f0       ??$_Get_unwrapped@AEBQEAVObj@@@std@@YA?A_TAEBQEAVObj@@@Z 000000014001b3f0 f i Tilemap.obj
 0002:0000a430       ??$_Reallocate_grow_by@V<lambda_1>@?1??push_back@?$basic_string@DU?$char_traits@D@std@@V?$allocator@D@2@@std@@QEAAXD@Z@D@?$basic_string@DU?$char_traits@D@std@@V?$allocator@D@2@@std@@AEAAAEAV01@_KV<lambda_1>@?1??push_back@01@QEAAXD@Z@D@Z 000000014001b430 f i Tilemap.obj
 0002:0000a710       ??$_To_address@PEAVObj@@@std@@YA?A_PAEBQEAVObj@@@Z 000000014001b710 f i Tilemap.obj
 0002:0000a750       ??$_Unfancy@VObj@@@std@@YAPEAVObj@@PEAV1@@Z 000000014001b750 f i Tilemap.obj
 0002:0000a790       ??$_Ungetc@D@std@@YA_NAEBDPEAU_iobuf@@@Z 000000014001b790 f i Tilemap.obj
 0002:0000a820       ??$_Uninitialized_move@PEAVObj@@V?$allocator@VObj@@@std@@@std@@YAPEAVObj@@QEAV1@0PEAV1@AEAV?$allocator@VObj@@@0@@Z 000000014001b820 f i Tilemap.obj
 0002:0000a9d0       ??$addressof@$$CBV?$codecvt@DDU_Mbstatet@@@std@@@std@@YAPEBV?$codecvt@DDU_Mbstatet@@@0@AEBV10@@Z 000000014001b9d0 f i Tilemap.obj
 0002:0000aa10       ??$addressof@V?$basic_filebuf@DU?$char_traits@D@std@@@std@@@std@@YAPEAV?$basic_filebuf@DU?$char_traits@D@std@@@0@AEAV10@@Z 000000014001ba10 f i Tilemap.obj
 0002:0000aa50       ??$addressof@VObj@@@std@@YAPEAVObj@@AEAV1@@Z 000000014001ba50 f i Tilemap.obj
 0002:0000aa90       ??$construct@VObj@@AEBV1@@?$_Default_allocator_traits@V?$allocator@VObj@@@std@@@std@@SAXAEAV?$allocator@VObj@@@1@QEAVObj@@AEBV3@@Z 000000014001ba90 f i Tilemap.obj
 0002:0000ab10       ??$construct@VObj@@V1@@?$_Default_allocator_traits@V?$allocator@VObj@@@std@@@std@@SAXAEAV?$allocator@VObj@@@1@QEAVObj@@$$QEAV3@@Z 000000014001bb10 f i Tilemap.obj
 0002:0000ab90       ??$exchange@PEAV_Facet_base@std@@$$T@std@@YAPEAV_Facet_base@0@AEAPEAV10@$$QEA$$T@Z 000000014001bb90 f i Tilemap.obj
 0002:0000ac00       ??$use_facet@V?$codecvt@DDU_Mbstatet@@@std@@@std@@YAAEBV?$codecvt@DDU_Mbstatet@@@0@AEBVlocale@0@@Z 000000014001bc00 f i Tilemap.obj
 0002:0000adf0       ??0?$_Uninitialized_backout_al@V?$allocator@VObj@@@std@@@std@@QEAA@PEAVObj@@AEAV?$allocator@VObj@@@1@@Z 000000014001bdf0 f i Tilemap.obj
 0002:0000ae80       ??0?$basic_filebuf@DU?$char_traits@D@std@@@std@@QEAA@XZ 000000014001be80 f i Tilemap.obj
 0002:0000af00       ??0?$basic_ifstream@DU?$char_traits@D@std@@@std@@QEAA@PEBDHH@Z 000000014001bf00 f i Tilemap.obj
 0002:0000b0d0       ??0?$basic_string@DU?$char_traits@D@std@@V?$allocator@D@2@@std@@QEAA@XZ 000000014001c0d0 f i Tilemap.obj
 0002:0000b170       ??0?$fpos@U_Mbstatet@@@std@@QEAA@U_Mbstatet@@_J@Z 000000014001c170 f i Tilemap.obj
 0002:0000b200       ??0?$fpos@U_Mbstatet@@@std@@QEAA@_J@Z 000000014001c200 f i Tilemap.obj
 0002:0000b290       ??0bad_cast@std@@QEAA@AEBV01@@Z 000000014001c290 f i Tilemap.obj
 0002:0000b2f0       ??0bad_cast@std@@QEAA@XZ   000000014001c2f0 f i Tilemap.obj
 0002:0000b360       ??1?$_Uninitialized_backout_al@V?$allocator@VObj@@@std@@@std@@QEAA@XZ 000000014001c360 f i Tilemap.obj
 0002:0000b3d0       ??1?$basic_filebuf@DU?$char_traits@D@std@@@std@@UEAA@XZ 000000014001c3d0 f i Tilemap.obj
 0002:0000b470       ??1?$basic_ifstream@DU?$char_traits@D@std@@@std@@UEAA@XZ 000000014001c470 f i Tilemap.obj
 0002:0000b560       ??1?$unique_ptr@V_Facet_base@std@@U?$default_delete@V_Facet_base@std@@@2@@std@@QEAA@XZ 000000014001c560 f i Tilemap.obj
 0002:0000b5d0       ??1bad_cast@std@@UEAA@XZ   000000014001c5d0 f i Tilemap.obj
 0002:0000b610       ??1locale@std@@QEAA@XZ     000000014001c610 f i Tilemap.obj
 0002:0000b6d0       ??A?$vector@VObj@@V?$allocator@VObj@@@std@@@std@@QEAAAEAVObj@@_K@Z 000000014001c6d0 f i Tilemap.obj
 0002:0000b7f0       ??B?$fpos@U_Mbstatet@@@std@@QEBA_JXZ 000000014001c7f0 f i Tilemap.obj
 0002:0000b840       ??R<lambda_1>@?1??push_back@?$basic_string@DU?$char_traits@D@std@@V?$allocator@D@2@@std@@QEAAXD@Z@QEBA@QEADQEBD_KD@Z 000000014001c840 f i Tilemap.obj
 0002:0000b910       ??R?$default_delete@V_Facet_base@std@@@std@@QEBAXPEAV_Facet_base@1@@Z 000000014001c910 f i Tilemap.obj
 0002:0000b9a0       ??_D?$basic_ifstream@DU?$char_traits@D@std@@@std@@QEAAXXZ 000000014001c9a0 f i Tilemap.obj
 0002:0000b9fc       ??_E?$basic_ifstream@DU?$char_traits@D@std@@@std@@$4PPPPPPPM@A@EAAPEAXI@Z 000000014001c9fc f i Tilemap.obj
 0002:0000ba10       ??_E?$basic_filebuf@DU?$char_traits@D@std@@@std@@UEAAPEAXI@Z 000000014001ca10 f i Tilemap.obj
 0002:0000ba10       ??_G?$basic_filebuf@DU?$char_traits@D@std@@@std@@UEAAPEAXI@Z 000000014001ca10 f i Tilemap.obj
 0002:0000ba80       ??_E?$basic_ifstream@DU?$char_traits@D@std@@@std@@UEAAPEAXI@Z 000000014001ca80 f i Tilemap.obj
 0002:0000ba80       ??_G?$basic_ifstream@DU?$char_traits@D@std@@@std@@UEAAPEAXI@Z 000000014001ca80 f i Tilemap.obj
 0002:0000bb10       ??_Ebad_cast@std@@UEAAPEAXI@Z 000000014001cb10 f i Tilemap.obj
 0002:0000bb10       ??_Gbad_cast@std@@UEAAPEAXI@Z 000000014001cb10 f i Tilemap.obj
 0002:0000bb80       ?_Calculate_growth@?$vector@VObj@@V?$allocator@VObj@@@std@@@std@@AEBA_K_K@Z 000000014001cb80 f i Tilemap.obj
 0002:0000bc60       ?_Change_array@?$vector@VObj@@V?$allocator@VObj@@@std@@@std@@AEAAXQEAVObj@@_K1@Z 000000014001cc60 f i Tilemap.obj
 0002:0000bdd0       ?_Clamp_suffix_size@?$_String_val@U?$_Simple_types@D@std@@@std@@QEBA_K_K0@Z 000000014001cdd0 f i Tilemap.obj
 0002:0000be50       ?_Endwrite@?$basic_filebuf@DU?$char_traits@D@std@@@std@@IEAA_NXZ 000000014001ce50 f i Tilemap.obj
 0002:0000c0d0       ?_Erase_noexcept@?$basic_string@DU?$char_traits@D@std@@V?$allocator@D@2@@std@@AEAAAEAV12@_K_K@Z 000000014001d0d0 f i Tilemap.obj
 0002:0000c200       ?_Get_first@?$_Compressed_pair@U?$default_delete@V_Facet_base@std@@@std@@PEAV_Facet_base@2@$00@std@@QEAAAEAU?$default_delete@V_Facet_base@std@@@2@XZ 000000014001d200 f i Tilemap.obj
 0002:0000c240       ?_Get_first@?$_Compressed_pair@V?$allocator@VObj@@@std@@V?$_Vector_val@U?$_Simple_types@VObj@@@std@@@2@$00@std@@QEBAAEBV?$allocator@VObj@@@2@XZ 000000014001d240 f i Tilemap.obj
 0002:0000c280       ?_Getal@?$vector@VObj@@V?$allocator@VObj@@@std@@@std@@AEBAAEBV?$allocator@VObj@@@2@XZ 000000014001d280 f i Tilemap.obj
 0002:0000c2d0       ?_Getfacet@locale@std@@QEBAPEBVfacet@12@_K@Z 000000014001d2d0 f i Tilemap.obj
 0002:0000c3e0       ?_Init@?$basic_filebuf@DU?$char_traits@D@std@@@std@@IEAAXPEAU_iobuf@@W4_Initfl@12@@Z 000000014001d3e0 f i Tilemap.obj
 0002:0000c5c0       ?_Initcvt@?$basic_filebuf@DU?$char_traits@D@std@@@std@@IEAAXAEBV?$codecvt@DDU_Mbstatet@@@2@@Z 000000014001d5c0 f i Tilemap.obj
 0002:0000c660       ?_Lock@?$basic_filebuf@DU?$char_traits@D@std@@@std@@UEAAXXZ 000000014001d660 f i Tilemap.obj
 0002:0000c6d0       ?_Orphan_range@?$vector@VObj@@V?$allocator@VObj@@@std@@@std@@AEBAXPEAVObj@@0@Z 000000014001d6d0 f i Tilemap.obj
 0002:0000c730       ?_Orphan_range_locked@?$vector@VObj@@V?$allocator@VObj@@@std@@@std@@AEBAXPEAVObj@@0@Z 000000014001d730 f i Tilemap.obj
 0002:0000c810       ?_Orphan_range_unlocked@?$vector@VObj@@V?$allocator@VObj@@@std@@@std@@AEBAXPEAVObj@@0@Z 000000014001d810 f i Tilemap.obj
 0002:0000c8f0       ?_Release@?$_Uninitialized_backout_al@V?$allocator@VObj@@@std@@@std@@QEAAPEAVObj@@XZ 000000014001d8f0 f i Tilemap.obj
 0002:0000c950       ?_Reset_back@?$basic_filebuf@DU?$char_traits@D@std@@@std@@AEAAXXZ 000000014001d950 f i Tilemap.obj
 0002:0000c9f0       ?_Set_back@?$basic_filebuf@DU?$char_traits@D@std@@@std@@AEAAXXZ 000000014001d9f0 f i Tilemap.obj
 0002:0000cad0       ?_Throw_bad_cast@std@@YAXXZ 000000014001dad0 f i Tilemap.obj
 0002:0000cb30       ?_Unlock@?$basic_filebuf@DU?$char_traits@D@std@@@std@@UEAAXXZ 000000014001db30 f i Tilemap.obj
 0002:0000cba0       ?_Xlength@?$vector@VObj@@V?$allocator@VObj@@@std@@@std@@CAXXZ 000000014001dba0 f i Tilemap.obj
 0002:0000cbe0       ?__autoclassinit2@?$_Uninitialized_backout_al@V?$allocator@VObj@@@std@@@std@@QEAAX_K@Z 000000014001dbe0 f i Tilemap.obj
 0002:0000cc20       ?__autoclassinit2@?$basic_ifstream@DU?$char_traits@D@std@@@std@@QEAAX_K@Z 000000014001dc20 f i Tilemap.obj
 0002:0000cc60       ?__autoclassinit2@?$unique_ptr@V_Facet_base@std@@U?$default_delete@V_Facet_base@std@@@2@@std@@QEAAX_K@Z 000000014001dc60 f i Tilemap.obj
 0002:0000cca0       ?allocate@?$allocator@VObj@@@std@@QEAAPEAVObj@@_K@Z 000000014001dca0 f i Tilemap.obj
 0002:0000cd00       ?capacity@?$vector@VObj@@V?$allocator@VObj@@@std@@@std@@QEBA_KXZ 000000014001dd00 f i Tilemap.obj
 0002:0000cd70       ?clear@?$vector@VObj@@V?$allocator@VObj@@@std@@@std@@QEAAXXZ 000000014001dd70 f i Tilemap.obj
 0002:0000ce30       ?close@?$basic_filebuf@DU?$char_traits@D@std@@@std@@QEAAPEAV12@XZ 000000014001de30 f i Tilemap.obj
 0002:0000cf10       ?close@?$basic_ifstream@DU?$char_traits@D@std@@@std@@QEAAXXZ 000000014001df10 f i Tilemap.obj
 0002:0000cfa0       ?data@?$basic_string@DU?$char_traits@D@std@@V?$allocator@D@2@@std@@QEBAPEBDXZ 000000014001dfa0 f i Tilemap.obj
 0002:0000cff0       ?deallocate@?$allocator@VObj@@@std@@QEAAXQEAVObj@@_K@Z 000000014001dff0 f i Tilemap.obj
 0002:0000d100       ?drawMap@Tilemap@@QEAAXPEAUSDL_Renderer@@@Z 000000014001e100 f   Tilemap.obj
 0002:0000d2b0       ?drawTiles@Tilemap@@QEAAXVObj@@PEAUSDL_Renderer@@@Z 000000014001e2b0 f   Tilemap.obj
 0002:0000d3c0       ?empty@?$vector@VObj@@V?$allocator@VObj@@@std@@@std@@QEBA_NXZ 000000014001e3c0 f i Tilemap.obj
 0002:0000d440       ?erase@?$basic_string@DU?$char_traits@D@std@@V?$allocator@D@2@@std@@QEAAAEAV12@_K0@Z 000000014001e440 f i Tilemap.obj
 0002:0000d4c0       ?front@?$basic_string@DU?$char_traits@D@std@@V?$allocator@D@2@@std@@QEAAAEADXZ 000000014001e4c0 f i Tilemap.obj
 0002:0000d5c0       ?getDestinationX@Obj@@QEBAHXZ 000000014001e5c0 f i Tilemap.obj
 0002:0000d600       ?getDestinationY@Obj@@QEBAHXZ 000000014001e600 f i Tilemap.obj
 0002:0000d640       ?getTexture@Obj@@QEBAPEAUSDL_Texture@@XZ 000000014001e640 f i Tilemap.obj
 0002:0000d690       ?imbue@?$basic_filebuf@DU?$char_traits@D@std@@@std@@MEAAXAEBVlocale@2@@Z 000000014001e690 f i Tilemap.obj
 0002:0000d6f0       ?is_open@?$basic_filebuf@DU?$char_traits@D@std@@@std@@QEBA_NXZ 000000014001e6f0 f i Tilemap.obj
 0002:0000d760       ?is_open@?$basic_ifstream@DU?$char_traits@D@std@@@std@@QEBA_NXZ 000000014001e760 f i Tilemap.obj
 0002:0000d7b0       ?loadMap@Tilemap@@QEAAXPEBDPEAUSDL_Renderer@@@Z 000000014001e7b0 f   Tilemap.obj
 0002:0000dbd0       ?makeSolid@Obj@@QEAAX_N@Z  000000014001ebd0 f i Tilemap.obj
 0002:0000dc20       ?max_size@?$_Default_allocator_traits@V?$allocator@VObj@@@std@@@std@@SA_KAEBV?$allocator@VObj@@@2@@Z 000000014001ec20 f i Tilemap.obj
 0002:0000dc60       ?max_size@?$vector@VObj@@V?$allocator@VObj@@@std@@@std@@QEBA_KXZ 000000014001ec60 f i Tilemap.obj
 0002:0000dce0       ?not_eof@?$_Narrow_char_traits@DH@std@@SAHAEBH@Z 000000014001ece0 f i Tilemap.obj
 0002:0000dd80       ?open@?$basic_filebuf@DU?$char_traits@D@std@@@std@@QEAAPEAV12@PEBDHH@Z 000000014001ed80 f i Tilemap.obj
 0002:0000dea0       ?overflow@?$basic_filebuf@DU?$char_traits@D@std@@@std@@MEAAHH@Z 000000014001eea0 f i Tilemap.obj
 0002:0000e260       ?pbackfail@?$basic_filebuf@DU?$char_traits@D@std@@@std@@MEAAHH@Z 000000014001f260 f i Tilemap.obj
 0002:0000e4c0       ?push_back@?$basic_string@DU?$char_traits@D@std@@V?$allocator@D@2@@std@@QEAAXD@Z 000000014001f4c0 f i Tilemap.obj
 0002:0000e5f0       ?push_back@?$vector@VObj@@V?$allocator@VObj@@@std@@@std@@QEAAXAEBVObj@@@Z 000000014001f5f0 f i Tilemap.obj
 0002:0000e650       ?release@?$unique_ptr@V_Facet_base@std@@U?$default_delete@V_Facet_base@std@@@2@@std@@QEAAPEAV_Facet_base@2@XZ 000000014001f650 f i Tilemap.obj
 0002:0000e6b0       ?seekoff@?$basic_filebuf@DU?$char_traits@D@std@@@std@@MEAA?AV?$fpos@U_Mbstatet@@@2@_JHH@Z 000000014001f6b0 f i Tilemap.obj
 0002:0000e8b0       ?seekpos@?$basic_filebuf@DU?$char_traits@D@std@@@std@@MEAA?AV?$fpos@U_Mbstatet@@@2@V32@H@Z 000000014001f8b0 f i Tilemap.obj
 0002:0000ea50       ?setbuf@?$basic_filebuf@DU?$char_traits@D@std@@@std@@MEAAPEAV?$basic_streambuf@DU?$char_traits@D@std@@@2@PEAD_J@Z 000000014001fa50 f i Tilemap.obj
 0002:0000eb50       ?size@?$basic_string@DU?$char_traits@D@std@@V?$allocator@D@2@@std@@QEBA_KXZ 000000014001fb50 f i Tilemap.obj
 0002:0000eba0       ?size@?$vector@VObj@@V?$allocator@VObj@@@std@@@std@@QEBA_KXZ 000000014001fba0 f i Tilemap.obj
 0002:0000ec10       ?state@?$fpos@U_Mbstatet@@@std@@QEBA?AU_Mbstatet@@XZ 000000014001fc10 f i Tilemap.obj
 0002:0000ec70       ?sync@?$basic_filebuf@DU?$char_traits@D@std@@@std@@MEAAHXZ 000000014001fc70 f i Tilemap.obj
 0002:0000ed50       ?to_char_type@?$_Narrow_char_traits@DH@std@@SADAEBH@Z 000000014001fd50 f i Tilemap.obj
 0002:0000ed90       ?to_int_type@?$_Narrow_char_traits@DH@std@@SAHAEBD@Z 000000014001fd90 f i Tilemap.obj
 0002:0000edd0       ?uflow@?$basic_filebuf@DU?$char_traits@D@std@@@std@@MEAAHXZ 000000014001fdd0 f i Tilemap.obj
 0002:0000f250       ?underflow@?$basic_filebuf@DU?$char_traits@D@std@@@std@@MEAAHXZ 0000000140020250 f i Tilemap.obj
 0002:0000f3d0       ?xsgetn@?$basic_filebuf@DU?$char_traits@D@std@@@std@@MEAA_JPEAD_J@Z 00000001400203d0 f i Tilemap.obj
 0002:0000f6c0       ?xsputn@?$basic_filebuf@DU?$char_traits@D@std@@@std@@MEAA_JPEBD_J@Z 00000001400206c0 f i Tilemap.obj
 0002:0000f890       ??0Timelimit@@QEAA@XZ      0000000140020890 f   Timelimit.obj
 0002:0000f8e0       ?getTicks@Timelimit@@QEBAHXZ 00000001400208e0 f   Timelimit.obj
 0002:0000f930       ?resetTicks@Timelimit@@QEAAXXZ 0000000140020930 f   Timelimit.obj
 0002:0000f980       ??0UI@@QEAA@HHPEAU_TTF_Font@@@Z 0000000140020980 f   UI.obj
 0002:0000faf0       ??0UI@@QEAA@PEBDHHPEAU_TTF_Font@@@Z 0000000140020af0 f   UI.obj
 0002:0000fca0       ??1UI@@QEAA@XZ             0000000140020ca0 f   UI.obj
 0002:0000fcf0       ?renderer@UI@@QEAAXPEAUSDL_Renderer@@@Z 0000000140020cf0 f   UI.obj
 0002:0000fe70       ?update@UI@@QEAAXPEBD@Z    0000000140020e70 f   UI.obj
 0002:0000fef0       ??0V2D@@QEAA@HH@Z          0000000140020ef0 f   V2D.obj
 0002:0000ff70       ??0V2D@@QEAA@XZ            0000000140020f70 f   V2D.obj
 0002:0000ffe0       ??XV2D@@QEAAAEAV0@AEBV0@@Z 0000000140020fe0 f   V2D.obj
 0002:00010040       ??YV2D@@QEAAAEAV0@AEBV0@@Z 0000000140021040 f   V2D.obj
 0002:000100a0       ??ZV2D@@QEAAAEAV0@AEBV0@@Z 00000001400210a0 f   V2D.obj
 0002:00010100       ??_0V2D@@QEAAAEAV0@AEBV0@@Z 0000000140021100 f   V2D.obj
 0002:00010160       ?Add@V2D@@QEAAAEAV1@AEBV1@@Z 0000000140021160 f   V2D.obj
 0002:00010200       ?Div@V2D@@QEAAAEAV1@AEBV1@@Z 0000000140021200 f   V2D.obj
 0002:000102a0       ?Mul@V2D@@QEAAAEAV1@AEBV1@@Z 00000001400212a0 f   V2D.obj
 0002:00010340       ?Sub@V2D@@QEAAAEAV1@AEBV1@@Z 0000000140021340 f   V2D.obj
 0002:000103f0       ?__autoclassinit2@Game@@QEAAX_K@Z 00000001400213f0 f i WizardTime.obj
 0002:00010430       SDL_main                   0000000140021430 f   WizardTime.obj
 0002:00010503       IMG_Init                   0000000140021503 f   SDL2_image:SDL2_image.dll
 0002:00010509       IMG_Quit                   0000000140021509 f   SDL2_image:SDL2_image.dll
 0002:0001050f       IMG_Load                   000000014002150f f   SDL2_image:SDL2_image.dll
 0002:00010515       TTF_Init                   0000000140021515 f   SDL2_ttf:SDL2_ttf.dll
 0002:0001051b       TTF_OpenFont               000000014002151b f   SDL2_ttf:SDL2_ttf.dll
 0002:00010521       TTF_Quit                   0000000140021521 f   SDL2_ttf:SDL2_ttf.dll
 0002:00010527       TTF_RenderText_Solid       0000000140021527 f   SDL2_ttf:SDL2_ttf.dll
 0002:0001052d       TTF_CloseFont              000000014002152d f   SDL2_ttf:SDL2_ttf.dll
 0002:00010533       SDL_GetError               0000000140021533 f   SDL2:SDL2.dll
 0002:00010539       SDL_CreateWindow           0000000140021539 f   SDL2:SDL2.dll
 0002:0001053f       SDL_DestroyWindow          000000014002153f f   SDL2:SDL2.dll
 0002:00010545       SDL_PollEvent              0000000140021545 f   SDL2:SDL2.dll
 0002:0001054b       SDL_CreateRenderer         000000014002154b f   SDL2:SDL2.dll
 0002:00010551       SDL_SetRenderDrawColor     0000000140021551 f   SDL2:SDL2.dll
 0002:00010557       SDL_RenderClear            0000000140021557 f   SDL2:SDL2.dll
 0002:0001055d       SDL_RenderFillRect         000000014002155d f   SDL2:SDL2.dll
 0002:00010563       SDL_RenderPresent          0000000140021563 f   SDL2:SDL2.dll
 0002:00010569       SDL_DestroyRenderer        0000000140021569 f   SDL2:SDL2.dll
 0002:0001056f       SDL_GetTicks               000000014002156f f   SDL2:SDL2.dll
 0002:00010575       SDL_Delay                  0000000140021575 f   SDL2:SDL2.dll
 0002:0001057b       SDL_Init                   000000014002157b f   SDL2:SDL2.dll
 0002:00010581       SDL_Quit                   0000000140021581 f   SDL2:SDL2.dll
 0002:00010587       SDL_CreateTextureFromSurface 0000000140021587 f   SDL2:SDL2.dll
 0002:0001058d       SDL_RenderCopyEx           000000014002158d f   SDL2:SDL2.dll
 0002:00010593       SDL_FreeSurface            0000000140021593 f   SDL2:SDL2.dll
 0002:00010599       SDL_RenderCopy             0000000140021599 f   SDL2:SDL2.dll
 0002:0001059f       SDL_DestroyTexture         000000014002159f f   SDL2:SDL2.dll
 0002:000105a5       ??0_Lockit@std@@QEAA@H@Z   00000001400215a5 f   msvcprtd:MSVCP140D.dll
 0002:000105ab       ??1_Lockit@std@@QEAA@XZ    00000001400215ab f   msvcprtd:MSVCP140D.dll
 0002:000105b1       ?_Xlength_error@std@@YAXPEBD@Z 00000001400215b1 f   msvcprtd:MSVCP140D.dll
 0002:000105b7       ?_Xout_of_range@std@@YAXPEBD@Z 00000001400215b7 f   msvcprtd:MSVCP140D.dll
 0002:000105bd       ?uncaught_exception@std@@YA_NXZ 00000001400215bd f   msvcprtd:MSVCP140D.dll
 0002:000105c3       ?good@ios_base@std@@QEBA_NXZ 00000001400215c3 f   msvcprtd:MSVCP140D.dll
 0002:000105c9       ?flags@ios_base@std@@QEBAHXZ 00000001400215c9 f   msvcprtd:MSVCP140D.dll
 0002:000105cf       ?width@ios_base@std@@QEBA_JXZ 00000001400215cf f   msvcprtd:MSVCP140D.dll
 0002:000105d5       ?width@ios_base@std@@QEAA_J_J@Z 00000001400215d5 f   msvcprtd:MSVCP140D.dll
 0002:000105db       ?sputc@?$basic_streambuf@DU?$char_traits@D@std@@@std@@QEAAHD@Z 00000001400215db f   msvcprtd:MSVCP140D.dll
 0002:000105e1       ?sputn@?$basic_streambuf@DU?$char_traits@D@std@@@std@@QEAA_JPEBD_J@Z 00000001400215e1 f   msvcprtd:MSVCP140D.dll
 0002:000105e7       ?setstate@?$basic_ios@DU?$char_traits@D@std@@@std@@QEAAXH_N@Z 00000001400215e7 f   msvcprtd:MSVCP140D.dll
 0002:000105ed       ?tie@?$basic_ios@DU?$char_traits@D@std@@@std@@QEBAPEAV?$basic_ostream@DU?$char_traits@D@std@@@2@XZ 00000001400215ed f   msvcprtd:MSVCP140D.dll
 0002:000105f3       ?rdbuf@?$basic_ios@DU?$char_traits@D@std@@@std@@QEBAPEAV?$basic_streambuf@DU?$char_traits@D@std@@@2@XZ 00000001400215f3 f   msvcprtd:MSVCP140D.dll
 0002:000105f9       ?fill@?$basic_ios@DU?$char_traits@D@std@@@std@@QEBADXZ 00000001400215f9 f   msvcprtd:MSVCP140D.dll
 0002:000105ff       ?widen@?$basic_ios@DU?$char_traits@D@std@@@std@@QEBADD@Z 00000001400215ff f   msvcprtd:MSVCP140D.dll
 0002:00010605       ?_Osfx@?$basic_ostream@DU?$char_traits@D@std@@@std@@QEAAXXZ 0000000140021605 f   msvcprtd:MSVCP140D.dll
 0002:0001060b       ??6?$basic_ostream@DU?$char_traits@D@std@@@std@@QEAAAEAV01@P6AAEAV01@AEAV01@@Z@Z 000000014002160b f   msvcprtd:MSVCP140D.dll
 0002:00010611       ??6?$basic_ostream@DU?$char_traits@D@std@@@std@@QEAAAEAV01@H@Z 0000000140021611 f   msvcprtd:MSVCP140D.dll
 0002:00010617       ?put@?$basic_ostream@DU?$char_traits@D@std@@@std@@QEAAAEAV12@D@Z 0000000140021617 f   msvcprtd:MSVCP140D.dll
 0002:0001061d       ?flush@?$basic_ostream@DU?$char_traits@D@std@@@std@@QEAAAEAV12@XZ 000000014002161d f   msvcprtd:MSVCP140D.dll
 0002:00010630       ??0_Fac_node@std@@QEAA@PEAU01@PEAV_Facet_base@1@@Z 0000000140021630 f i msvcprtd:locale0_implib.obj
 0002:00010670       ??1_Fac_node@std@@QEAA@XZ  0000000140021670 f i msvcprtd:locale0_implib.obj
 0002:00010720       ??1_Fac_tidy_reg_t@std@@QEAA@XZ 0000000140021720 f i msvcprtd:locale0_implib.obj
 0002:000107a0       ??2_Fac_node@std@@SAPEAX_K@Z 00000001400217a0 f i msvcprtd:locale0_implib.obj
 0002:00010820       ??3_Fac_node@std@@SAXPEAX@Z 0000000140021820 f i msvcprtd:locale0_implib.obj
 0002:00010850       ??_G_Fac_node@std@@QEAAPEAXI@Z 0000000140021850 f i msvcprtd:locale0_implib.obj
 0002:000108c0       ?_Facet_Register@std@@YAXPEAV_Facet_base@1@@Z 00000001400218c0 f   msvcprtd:locale0_implib.obj
 0002:00010940       ?__empty_global_delete@@YAXPEAXW4align_val_t@std@@@Z 0000000140021940 f i msvcprtd:locale0_implib.obj
 0002:00010950       ?__empty_global_delete@@YAXPEAX_KW4align_val_t@std@@@Z 0000000140021950 f i msvcprtd:locale0_implib.obj
 0002:00010964       ??Bid@locale@std@@QEAA_KXZ 0000000140021964 f   msvcprtd:MSVCP140D.dll
 0002:0001096a       ?_Getgloballocale@locale@std@@CAPEAV_Locimp@12@XZ 000000014002196a f   msvcprtd:MSVCP140D.dll
 0002:00010970       ?always_noconv@codecvt_base@std@@QEBA_NXZ 0000000140021970 f   msvcprtd:MSVCP140D.dll
 0002:00010976       ?in@?$codecvt@DDU_Mbstatet@@@std@@QEBAHAEAU_Mbstatet@@PEBD1AEAPEBDPEAD3AEAPEAD@Z 0000000140021976 f   msvcprtd:MSVCP140D.dll
 0002:0001097c       ?out@?$codecvt@DDU_Mbstatet@@@std@@QEBAHAEAU_Mbstatet@@PEBD1AEAPEBDPEAD3AEAPEAD@Z 000000014002197c f   msvcprtd:MSVCP140D.dll
 0002:00010982       ?unshift@?$codecvt@DDU_Mbstatet@@@std@@QEBAHAEAU_Mbstatet@@PEAD1AEAPEAD@Z 0000000140021982 f   msvcprtd:MSVCP140D.dll
 0002:00010988       ?_Getcat@?$codecvt@DDU_Mbstatet@@@std@@SA_KPEAPEBVfacet@locale@2@PEBV42@@Z 0000000140021988 f   msvcprtd:MSVCP140D.dll
 0002:0001098e       ?eof@ios_base@std@@QEBA_NXZ 000000014002198e f   msvcprtd:MSVCP140D.dll
 0002:00010994       ??0?$basic_streambuf@DU?$char_traits@D@std@@@std@@IEAA@XZ 0000000140021994 f   msvcprtd:MSVCP140D.dll
 0002:0001099a       ??1?$basic_streambuf@DU?$char_traits@D@std@@@std@@UEAA@XZ 000000014002199a f   msvcprtd:MSVCP140D.dll
 0002:000109a0       ?getloc@?$basic_streambuf@DU?$char_traits@D@std@@@std@@QEBA?AVlocale@2@XZ 00000001400219a0 f   msvcprtd:MSVCP140D.dll
 0002:000109a6       ?eback@?$basic_streambuf@DU?$char_traits@D@std@@@std@@IEBAPEADXZ 00000001400219a6 f   msvcprtd:MSVCP140D.dll
 0002:000109ac       ?gptr@?$basic_streambuf@DU?$char_traits@D@std@@@std@@IEBAPEADXZ 00000001400219ac f   msvcprtd:MSVCP140D.dll
 0002:000109b2       ?pptr@?$basic_streambuf@DU?$char_traits@D@std@@@std@@IEBAPEADXZ 00000001400219b2 f   msvcprtd:MSVCP140D.dll
 0002:000109b8       ?egptr@?$basic_streambuf@DU?$char_traits@D@std@@@std@@IEBAPEADXZ 00000001400219b8 f   msvcprtd:MSVCP140D.dll
 0002:000109be       ?gbump@?$basic_streambuf@DU?$char_traits@D@std@@@std@@IEAAXH@Z 00000001400219be f   msvcprtd:MSVCP140D.dll
 0002:000109c4       ?setg@?$basic_streambuf@DU?$char_traits@D@std@@@std@@IEAAXPEAD00@Z 00000001400219c4 f   msvcprtd:MSVCP140D.dll
 0002:000109ca       ?epptr@?$basic_streambuf@DU?$char_traits@D@std@@@std@@IEBAPEADXZ 00000001400219ca f   msvcprtd:MSVCP140D.dll
 0002:000109d0       ?_Gndec@?$basic_streambuf@DU?$char_traits@D@std@@@std@@IEAAPEADXZ 00000001400219d0 f   msvcprtd:MSVCP140D.dll
 0002:000109d6       ?_Gninc@?$basic_streambuf@DU?$char_traits@D@std@@@std@@IEAAPEADXZ 00000001400219d6 f   msvcprtd:MSVCP140D.dll
 0002:000109dc       ?_Gnavail@?$basic_streambuf@DU?$char_traits@D@std@@@std@@IEBA_JXZ 00000001400219dc f   msvcprtd:MSVCP140D.dll
 0002:000109e2       ?pbump@?$basic_streambuf@DU?$char_traits@D@std@@@std@@IEAAXH@Z 00000001400219e2 f   msvcprtd:MSVCP140D.dll
 0002:000109e8       ?_Pninc@?$basic_streambuf@DU?$char_traits@D@std@@@std@@IEAAPEADXZ 00000001400219e8 f   msvcprtd:MSVCP140D.dll
 0002:000109ee       ?_Pnavail@?$basic_streambuf@DU?$char_traits@D@std@@@std@@IEBA_JXZ 00000001400219ee f   msvcprtd:MSVCP140D.dll
 0002:000109f4       ?_Init@?$basic_streambuf@DU?$char_traits@D@std@@@std@@IEAAXXZ 00000001400219f4 f   msvcprtd:MSVCP140D.dll
 0002:000109fa       ?_Init@?$basic_streambuf@DU?$char_traits@D@std@@@std@@IEAAXPEAPEAD0PEAH001@Z 00000001400219fa f   msvcprtd:MSVCP140D.dll
 0002:00010a00       ?xsgetn@?$basic_streambuf@DU?$char_traits@D@std@@@std@@MEAA_JPEAD_J@Z 0000000140021a00 f   msvcprtd:MSVCP140D.dll
 0002:00010a06       ?xsputn@?$basic_streambuf@DU?$char_traits@D@std@@@std@@MEAA_JPEBD_J@Z 0000000140021a06 f   msvcprtd:MSVCP140D.dll
 0002:00010a0c       ??1?$basic_ios@DU?$char_traits@D@std@@@std@@UEAA@XZ 0000000140021a0c f   msvcprtd:MSVCP140D.dll
 0002:00010a12       ??0?$basic_ios@DU?$char_traits@D@std@@@std@@IEAA@XZ 0000000140021a12 f   msvcprtd:MSVCP140D.dll
 0002:00010a18       ??0?$basic_istream@DU?$char_traits@D@std@@@std@@QEAA@PEAV?$basic_streambuf@DU?$char_traits@D@std@@@1@_N@Z 0000000140021a18 f   msvcprtd:MSVCP140D.dll
 0002:00010a1e       ??1?$basic_istream@DU?$char_traits@D@std@@@std@@UEAA@XZ 0000000140021a1e f   msvcprtd:MSVCP140D.dll
 0002:00010a24       ??5?$basic_istream@DU?$char_traits@D@std@@@std@@QEAAAEAV01@AEAH@Z 0000000140021a24 f   msvcprtd:MSVCP140D.dll
 0002:00010a2a       ?_Fiopen@std@@YAPEAU_iobuf@@PEBDHH@Z 0000000140021a2a f   msvcprtd:MSVCP140D.dll
 0002:00010a30       ?showmanyc@?$basic_streambuf@DU?$char_traits@D@std@@@std@@MEAA_JXZ 0000000140021a30 f   msvcprtd:MSVCP140D.dll
 0002:00010a36       ?_Xbad_alloc@std@@YAXXZ    0000000140021a36 f   msvcprtd:MSVCP140D.dll
 0002:00010a40       ??2@YAPEAX_K@Z             0000000140021a40 f   MSVCRTD:new_scalar.obj
 0002:00010ab0       ??3@YAXPEAX_K@Z            0000000140021ab0 f   MSVCRTD:delete_scalar_size.obj
 0002:00010ae0       _RTC_AllocaHelper          0000000140021ae0 f   MSVCRTD:stack.obj
 0002:00010b30       _RTC_CheckStackVars        0000000140021b30 f   MSVCRTD:stack.obj
 0002:00010be0       _RTC_CheckStackVars2       0000000140021be0 f   MSVCRTD:stack.obj
 0002:00010d30       _CRT_RTC_INIT              0000000140021d30 f   MSVCRTD:init.obj
 0002:00010d40       _CRT_RTC_INITW             0000000140021d40 f   MSVCRTD:init.obj
 0002:00010d50       _RTC_InitBase              0000000140021d50 f   MSVCRTD:init.obj
 0002:00010da0       _RTC_Shutdown              0000000140021da0 f   MSVCRTD:init.obj
 0002:00010dd0       __CheckForDebuggerJustMyCode 0000000140021dd0 f   MSVCRTD:debugger_jmc.obj
 0002:00010e20       __GSHandlerCheck           0000000140021e20 f   MSVCRTD:gshandler.obj
 0002:00010e70       __GSHandlerCheckCommon     0000000140021e70 f   MSVCRTD:gshandler.obj
 0002:00010fb0       __GSHandlerCheck_EH4       0000000140021fb0 f   MSVCRTD:gshandlereh4.obj
 0002:00011090       __security_check_cookie    0000000140022090 f   MSVCRTD:amdsecgs.obj
 0002:000110c0       ??1type_info@@UEAA@XZ      00000001400220c0 f   MSVCRTD:std_type_info_static.obj
 0002:000110e0       ??_Etype_info@@UEAAPEAXI@Z 00000001400220e0 f i MSVCRTD:std_type_info_static.obj
 0002:000110e0       ??_Gtype_info@@UEAAPEAXI@Z 00000001400220e0 f i MSVCRTD:std_type_info_static.obj
 0002:00011480       ?configure_argv@__scrt_narrow_argv_policy@@SAHXZ 0000000140022480 f i MSVCRTD:exe_main.obj
 0002:000114a0       ?initialize_environment@__scrt_narrow_environment_policy@@SAHXZ 00000001400224a0 f i MSVCRTD:exe_main.obj
 0002:00011510       ?set_app_type@__scrt_main_policy@@SAXXZ 0000000140022510 f i MSVCRTD:exe_main.obj
 0002:00011530       ?set_commode@__scrt_file_policy@@SAXXZ 0000000140022530 f i MSVCRTD:exe_main.obj
 0002:00011560       ?set_fmode@__scrt_file_policy@@SAXXZ 0000000140022560 f i MSVCRTD:exe_main.obj
 0002:00011580       mainCRTStartup             0000000140022580 f   MSVCRTD:exe_main.obj
 0002:00011750       NtCurrentTeb               0000000140022750 f i MSVCRTD:utility.obj
 0002:00011760       __scrt_acquire_startup_lock 0000000140022760 f   MSVCRTD:utility.obj
 0002:000117e0       __scrt_dllmain_after_initialize_c 00000001400227e0 f   MSVCRTD:utility.obj
 0002:00011820       __scrt_dllmain_before_initialize_c 0000000140022820 f   MSVCRTD:utility.obj
 0002:00011850       __scrt_dllmain_crt_thread_attach 0000000140022850 f   MSVCRTD:utility.obj
 0002:00011890       __scrt_dllmain_crt_thread_detach 0000000140022890 f   MSVCRTD:utility.obj
 0002:000118b0       __scrt_dllmain_exception_filter 00000001400228b0 f   MSVCRTD:utility.obj
 0002:00011930       __scrt_dllmain_uninitialize_c 0000000140022930 f   MSVCRTD:utility.obj
 0002:00011970       __scrt_dllmain_uninitialize_critical 0000000140022970 f   MSVCRTD:utility.obj
 0002:00011990       __scrt_initialize_crt      0000000140022990 f   MSVCRTD:utility.obj
 0002:000119f0       __scrt_initialize_onexit_tables 00000001400229f0 f   MSVCRTD:utility.obj
 0002:00011b40       __scrt_is_nonwritable_in_current_image 0000000140022b40 f   MSVCRTD:utility.obj
 0002:00011bf0       __scrt_release_startup_lock 0000000140022bf0 f   MSVCRTD:utility.obj
 0002:00011c30       __scrt_uninitialize_crt    0000000140022c30 f   MSVCRTD:utility.obj
 0002:00011c80       _onexit                    0000000140022c80 f   MSVCRTD:utility.obj
 0002:00011d20       at_quick_exit              0000000140022d20 f   MSVCRTD:utility.obj
 0002:00011d80       atexit                     0000000140022d80 f   MSVCRTD:utility.obj
 0002:00011dc0       _guard_check_icall_nop     0000000140022dc0 f i MSVCRTD:guard_support.obj
 0002:00011dd0       ReadNoFence64              0000000140022dd0 f i MSVCRTD:guard_support.obj
 0002:00011e00       ReadPointerNoFence         0000000140022e00 f i MSVCRTD:guard_support.obj
 0002:00011e20       __castguard_check_failure_debugbreak 0000000140022e20 f i MSVCRTD:guard_support.obj
 0002:00011e50       __castguard_check_failure_fastfail 0000000140022e50 f i MSVCRTD:guard_support.obj
 0002:00011e80       __castguard_check_failure_nop 0000000140022e80 f i MSVCRTD:guard_support.obj
 0002:00011e90       __castguard_check_failure_os_handled 0000000140022e90 f i MSVCRTD:guard_support.obj
 0002:00011f00       __castguard_check_failure_user_handled 0000000140022f00 f i MSVCRTD:guard_support.obj
 0002:00012010       __castguard_set_user_handler 0000000140023010 f i MSVCRTD:guard_support.obj
 0002:00012040       __castguard_slow_path_check_debugbreak 0000000140023040 f i MSVCRTD:guard_support.obj
 0002:00012090       __castguard_slow_path_check_fastfail 0000000140023090 f i MSVCRTD:guard_support.obj
 0002:000120f0       __castguard_slow_path_check_nop 00000001400230f0 f i MSVCRTD:guard_support.obj
 0002:00012110       __castguard_slow_path_check_os_handled 0000000140023110 f i MSVCRTD:guard_support.obj
 0002:00012170       __castguard_slow_path_check_user_handled 0000000140023170 f i MSVCRTD:guard_support.obj
 0002:00012260       _guard_icall_checks_enforced 0000000140023260 f i MSVCRTD:guard_support.obj
 0002:000122b0       _guard_rf_checks_enforced  00000001400232b0 f i MSVCRTD:guard_support.obj
 0002:000122c0       ??0bad_alloc@std@@QEAA@XZ  00000001400232c0 f i MSVCRTD:throw_bad_alloc.obj
 0002:00012310       ?__scrt_throw_std_bad_alloc@@YAXXZ 0000000140023310 f   MSVCRTD:throw_bad_alloc.obj
 0002:00012340       ?__scrt_throw_std_bad_array_new_length@@YAXXZ 0000000140023340 f   MSVCRTD:throw_bad_alloc.obj
 0002:00012370       ??3@YAXPEAX@Z              0000000140023370 f   MSVCRTD:delete_scalar.obj
 0002:00012450       ?_RTC_AllocaFailure@@YAXPEAXPEAU_RTC_ALLOCA_NODE@@H@Z 0000000140023450 f   MSVCRTD:error.obj
 0002:00012600       ?_RTC_Failure@@YAXPEAXH@Z  0000000140023600 f   MSVCRTD:error.obj
 0002:00012670       ?_RTC_StackFailure@@YAXPEAXPEBD@Z 0000000140023670 f   MSVCRTD:error.obj
 0002:00012bb0       _RTC_UninitUse             0000000140023bb0 f   MSVCRTD:error.obj
 0002:00012cb0       __local_stdio_printf_options 0000000140023cb0 f i MSVCRTD:error.obj
 0002:00012cc0       _vsprintf_s_l              0000000140023cc0 f i MSVCRTD:error.obj
 0002:00012d40       sprintf_s                  0000000140023d40 f i MSVCRTD:error.obj
 0002:00012d70       ?_RTC_GetErrorFunc@@YAP6AHHPEBDH00ZZPEBX@Z 0000000140023d70 f   MSVCRTD:userapi.obj
 0002:00012d80       ?_RTC_GetErrorFuncW@@YAP6AHHPEB_WH00ZZPEBX@Z 0000000140023d80 f   MSVCRTD:userapi.obj
 0002:00012d90       _RTC_GetErrDesc            0000000140023d90 f   MSVCRTD:userapi.obj
 0002:00012db0       _RTC_NumErrors             0000000140023db0 f   MSVCRTD:userapi.obj
 0002:00012dc0       _RTC_SetErrorFunc          0000000140023dc0 f   MSVCRTD:userapi.obj
 0002:00012de0       _RTC_SetErrorFuncW         0000000140023de0 f   MSVCRTD:userapi.obj
 0002:00012e00       _RTC_SetErrorType          0000000140023e00 f   MSVCRTD:userapi.obj
 0002:00012e30       __raise_securityfailure    0000000140023e30 f   MSVCRTD:gs_report.obj
 0002:00012e80       __report_gsfailure         0000000140023e80 f   MSVCRTD:gs_report.obj
 0002:00012f90       __report_rangecheckfailure 0000000140023f90 f   MSVCRTD:gs_report.obj
 0002:00012fb0       __report_securityfailure   0000000140023fb0 f   MSVCRTD:gs_report.obj
 0002:00013080       __report_securityfailureEx 0000000140024080 f   MSVCRTD:gs_report.obj
 0002:00013470       __security_init_cookie     0000000140024470 f   MSVCRTD:gs_support.obj
 0002:00013510       _matherr                   0000000140024510 f   MSVCRTD:matherr.obj
 0002:00013520       _get_startup_argv_mode     0000000140024520 f   MSVCRTD:argv_mode.obj
 0002:00013530       _get_startup_commit_mode   0000000140024530 f   MSVCRTD:commit_mode.obj
 0002:00013540       _get_startup_file_mode     0000000140024540 f   MSVCRTD:file_mode.obj
 0002:00013550       _get_startup_new_mode      0000000140024550 f   MSVCRTD:new_mode.obj
 0002:00013560       _get_startup_thread_locale_mode 0000000140024560 f   MSVCRTD:thread_locale.obj
 0002:00013570       ?__scrt_initialize_type_info@@YAXXZ 0000000140024570 f   MSVCRTD:tncleanup.obj
 0002:00013590       ?__scrt_uninitialize_type_info@@YAXXZ 0000000140024590 f   MSVCRTD:tncleanup.obj
 0002:000135b0       _should_initialize_environment 00000001400245b0 f   MSVCRTD:env_mode.obj
 0002:000135c0       _initialize_invalid_parameter_handler 00000001400245c0 f   MSVCRTD:invalid_parameter_handler.obj
 0002:000135d0       _initialize_denormal_control 00000001400245d0 f   MSVCRTD:denormal_control.obj
 0002:000135e0       __local_stdio_scanf_options 00000001400245e0 f i MSVCRTD:default_local_stdio_options.obj
 0002:000135f0       __scrt_initialize_default_local_stdio_options 00000001400245f0 f   MSVCRTD:default_local_stdio_options.obj
 0002:00013650       __scrt_is_user_matherr_present 0000000140024650 f   MSVCRTD:matherr_detection.obj
 0002:00013680       __scrt_get_dyn_tls_init_callback 0000000140024680 f   MSVCRTD:dyn_tls_init.obj
 0002:00013690       __scrt_get_dyn_tls_dtor_callback 0000000140024690 f   MSVCRTD:dyn_tls_dtor.obj
 0002:000136a0       __crt_debugger_hook        00000001400246a0 f   MSVCRTD:utility_desktop.obj
 0002:000136c0       __scrt_fastfail            00000001400246c0 f   MSVCRTD:utility_desktop.obj
 0002:000138c0       __scrt_get_show_window_mode 00000001400248c0 f   MSVCRTD:utility_desktop.obj
 0002:00013930       __scrt_initialize_mta      0000000140024930 f   MSVCRTD:utility_desktop.obj
 0002:00013950       __scrt_initialize_winrt    0000000140024950 f   MSVCRTD:utility_desktop.obj
 0002:00013960       __scrt_is_managed_app      0000000140024960 f   MSVCRTD:utility_desktop.obj
 0002:00013a30       __scrt_set_unhandled_exception_filter 0000000140024a30 f   MSVCRTD:utility_desktop.obj
 0002:00013a50       __scrt_exe_initialize_mta  0000000140024a50 f   MSVCRTD:utility_desktop.obj
 0002:00013a50       __scrt_stub_for_initialize_mta 0000000140024a50 f   MSVCRTD:utility_desktop.obj
 0002:00013a60       __scrt_unhandled_exception_filter 0000000140024a60 f   MSVCRTD:utility_desktop.obj
 0002:00013b20       _RTC_Initialize            0000000140024b20 f   MSVCRTD:initsect.obj
 0002:00013b80       _RTC_Terminate             0000000140024b80 f   MSVCRTD:initsect.obj
 0002:00013be0       __isa_available_init       0000000140024be0 f   MSVCRTD:cpu_disp.obj
 0002:00014070       __scrt_is_ucrt_dll_in_use  0000000140025070 f   MSVCRTD:ucrt_detection.obj
 0002:00014700       ?_RTC_GetSrcLine@@YAHPEAEPEA_WKPEAH1K@Z 0000000140025700 f   MSVCRTD:pdblkup.obj
 0002:00014bb7       memcpy                     0000000140025bb7 f   vcruntimed:VCRUNTIME140D.dll
 0002:00014bbd       memmove                    0000000140025bbd f   vcruntimed:VCRUNTIME140D.dll
 0002:00014bc3       __std_exception_copy       0000000140025bc3 f   vcruntimed:VCRUNTIME140D.dll
 0002:00014bc9       __std_exception_destroy    0000000140025bc9 f   vcruntimed:VCRUNTIME140D.dll
 0002:00014bcf       _CxxThrowException         0000000140025bcf f   vcruntimed:VCRUNTIME140D.dll
 0002:00014bd5       __CxxFrameHandler4         0000000140025bd5 f   vcruntimed:VCRUNTIME140_1D.dll
 0002:00014bdb       __C_specific_handler       0000000140025bdb f   vcruntimed:VCRUNTIME140D.dll
 0002:00014be1       __C_specific_handler_noexcept 0000000140025be1 f   vcruntimed:VCRUNTIME140D.dll
 0002:00014be7       __std_type_info_destroy_list 0000000140025be7 f   vcruntimed:VCRUNTIME140D.dll
 0002:00014bed       __current_exception        0000000140025bed f   vcruntimed:VCRUNTIME140D.dll
 0002:00014bf3       __current_exception_context 0000000140025bf3 f   vcruntimed:VCRUNTIME140D.dll
 0002:00014bf9       __vcrt_GetModuleFileNameW  0000000140025bf9 f   vcruntimed:VCRUNTIME140D.dll
 0002:00014bff       __vcrt_GetModuleHandleW    0000000140025bff f   vcruntimed:VCRUNTIME140D.dll
 0002:00014c05       __vcrt_LoadLibraryExW      0000000140025c05 f   vcruntimed:VCRUNTIME140D.dll
 0002:00014c0b       _invalid_parameter         0000000140025c0b f   ucrtd:ucrtbased.dll
 0002:00014c11       _CrtDbgReport              0000000140025c11 f   ucrtd:ucrtbased.dll
 0002:00014c17       strlen                     0000000140025c17 f   ucrtd:ucrtbased.dll
 0002:00014c1d       _get_stream_buffer_pointers 0000000140025c1d f   ucrtd:ucrtbased.dll
 0002:00014c23       fclose                     0000000140025c23 f   ucrtd:ucrtbased.dll
 0002:00014c29       fflush                     0000000140025c29 f   ucrtd:ucrtbased.dll
 0002:00014c2f       fgetc                      0000000140025c2f f   ucrtd:ucrtbased.dll
 0002:00014c35       fgetpos                    0000000140025c35 f   ucrtd:ucrtbased.dll
 0002:00014c3b       fputc                      0000000140025c3b f   ucrtd:ucrtbased.dll
 0002:00014c41       fread                      0000000140025c41 f   ucrtd:ucrtbased.dll
 0002:00014c47       fsetpos                    0000000140025c47 f   ucrtd:ucrtbased.dll
 0002:00014c4d       _fseeki64                  0000000140025c4d f   ucrtd:ucrtbased.dll
 0002:00014c53       fwrite                     0000000140025c53 f   ucrtd:ucrtbased.dll
 0002:00014c59       setvbuf                    0000000140025c59 f   ucrtd:ucrtbased.dll
 0002:00014c5f       ungetc                     0000000140025c5f f   ucrtd:ucrtbased.dll
 0002:00014c65       _lock_file                 0000000140025c65 f   ucrtd:ucrtbased.dll
 0002:00014c6b       _unlock_file               0000000140025c6b f   ucrtd:ucrtbased.dll
 0002:00014c71       _free_dbg                  0000000140025c71 f   ucrtd:ucrtbased.dll
 0002:00014c77       _malloc_dbg                0000000140025c77 f   ucrtd:ucrtbased.dll
 0002:00014c7d       _callnewh                  0000000140025c7d f   ucrtd:ucrtbased.dll
 0002:00014c83       malloc                     0000000140025c83 f   ucrtd:ucrtbased.dll
 0002:00014c89       _CrtDbgReportW             0000000140025c89 f   ucrtd:ucrtbased.dll
 0002:00014c8f       _seh_filter_exe            0000000140025c8f f   ucrtd:ucrtbased.dll
 0002:00014c95       _set_app_type              0000000140025c95 f   ucrtd:ucrtbased.dll
 0002:00014c9b       __setusermatherr           0000000140025c9b f   ucrtd:ucrtbased.dll
 0002:00014ca1       _configure_narrow_argv     0000000140025ca1 f   ucrtd:ucrtbased.dll
 0002:00014ca7       _initialize_narrow_environment 0000000140025ca7 f   ucrtd:ucrtbased.dll
 0002:00014cad       _get_initial_narrow_environment 0000000140025cad f   ucrtd:ucrtbased.dll
 0002:00014cb3       _initterm                  0000000140025cb3 f   ucrtd:ucrtbased.dll
 0002:00014cb9       _initterm_e                0000000140025cb9 f   ucrtd:ucrtbased.dll
 0002:00014cbf       exit                       0000000140025cbf f   ucrtd:ucrtbased.dll
 0002:00014cc5       _exit                      0000000140025cc5 f   ucrtd:ucrtbased.dll
 0002:00014ccb       _set_fmode                 0000000140025ccb f   ucrtd:ucrtbased.dll
 0002:00014cd1       __p___argc                 0000000140025cd1 f   ucrtd:ucrtbased.dll
 0002:00014cd7       __p___argv                 0000000140025cd7 f   ucrtd:ucrtbased.dll
 0002:00014cdd       _cexit                     0000000140025cdd f   ucrtd:ucrtbased.dll
 0002:00014ce3       _c_exit                    0000000140025ce3 f   ucrtd:ucrtbased.dll
 0002:00014ce9       _register_thread_local_exe_atexit_callback 0000000140025ce9 f   ucrtd:ucrtbased.dll
 0002:00014cef       _configthreadlocale        0000000140025cef f   ucrtd:ucrtbased.dll
 0002:00014cf5       _set_new_mode              0000000140025cf5 f   ucrtd:ucrtbased.dll
 0002:00014cfb       __p__commode               0000000140025cfb f   ucrtd:ucrtbased.dll
 0002:00014d01       _seh_filter_dll            0000000140025d01 f   ucrtd:ucrtbased.dll
 0002:00014d07       _initialize_onexit_table   0000000140025d07 f   ucrtd:ucrtbased.dll
 0002:00014d0d       _register_onexit_function  0000000140025d0d f   ucrtd:ucrtbased.dll
 0002:00014d13       _execute_onexit_table      0000000140025d13 f   ucrtd:ucrtbased.dll
 0002:00014d19       _crt_atexit                0000000140025d19 f   ucrtd:ucrtbased.dll
 0002:00014d1f       _crt_at_quick_exit         0000000140025d1f f   ucrtd:ucrtbased.dll
 0002:00014d25       strcpy_s                   0000000140025d25 f   ucrtd:ucrtbased.dll
 0002:00014d2b       strcat_s                   0000000140025d2b f   ucrtd:ucrtbased.dll
 0002:00014d31       __stdio_common_vsprintf_s  0000000140025d31 f   ucrtd:ucrtbased.dll
 0002:00014d37       terminate                  0000000140025d37 f   ucrtd:ucrtbased.dll
 0002:00014d3d       _wmakepath_s               0000000140025d3d f   ucrtd:ucrtbased.dll
 0002:00014d43       _wsplitpath_s              0000000140025d43 f   ucrtd:ucrtbased.dll
 0002:00014d49       wcscpy_s                   0000000140025d49 f   ucrtd:ucrtbased.dll
 0002:00014d50       WinMain                    0000000140025d50 f   SDL2main:SDL_windows_main.obj
 0002:00014d60       main                       0000000140025d60 f   SDL2main:SDL_windows_main.obj
 0002:00014f90       wmain                      0000000140025f90 f   SDL2main:SDL_windows_main.obj
 0002:00014f95       SDL_free                   0000000140025f95 f   SDL2:SDL2.dll
 0002:00014f9b       SDL_memcpy                 0000000140025f9b f   SDL2:SDL2.dll
 0002:00014fa1       SDL_wcslen                 0000000140025fa1 f   SDL2:SDL2.dll
 0002:00014fa7       SDL_strlen                 0000000140025fa7 f   SDL2:SDL2.dll
 0002:00014fad       SDL_iconv_string           0000000140025fad f   SDL2:SDL2.dll
 0002:00014fb3       SDL_SetMainReady           0000000140025fb3 f   SDL2:SDL2.dll
 0002:00014fb9       SDL_ShowSimpleMessageBox   0000000140025fb9 f   SDL2:SDL2.dll
 0002:00014fbf       GetCurrentThreadId         0000000140025fbf f   kernel32:KERNEL32.dll
 0002:00014fc5       IsDebuggerPresent          0000000140025fc5 f   kernel32:KERNEL32.dll
 0002:00014fcb       RaiseException             0000000140025fcb f   kernel32:KERNEL32.dll
 0002:00014fd1       MultiByteToWideChar        0000000140025fd1 f   kernel32:KERNEL32.dll
 0002:00014fd7       WideCharToMultiByte        0000000140025fd7 f   kernel32:KERNEL32.dll
 0002:00014fdd       RtlCaptureContext          0000000140025fdd f   kernel32:KERNEL32.dll
 0002:00014fe3       RtlLookupFunctionEntry     0000000140025fe3 f   kernel32:KERNEL32.dll
 0002:00014fe9       RtlVirtualUnwind           0000000140025fe9 f   kernel32:KERNEL32.dll
 0002:00014fef       UnhandledExceptionFilter   0000000140025fef f   kernel32:KERNEL32.dll
 0002:00014ff5       SetUnhandledExceptionFilter 0000000140025ff5 f   kernel32:KERNEL32.dll
 0002:00014ffb       GetCurrentProcess          0000000140025ffb f   kernel32:KERNEL32.dll
 0002:00015001       TerminateProcess           0000000140026001 f   kernel32:KERNEL32.dll
 0002:00015007       IsProcessorFeaturePresent  0000000140026007 f   kernel32:KERNEL32.dll
 0002:0001500d       QueryPerformanceCounter    000000014002600d f   kernel32:KERNEL32.dll
 0002:00015013       GetCurrentProcessId        0000000140026013 f   kernel32:KERNEL32.dll
 0002:00015019       GetSystemTimeAsFileTime    0000000140026019 f   kernel32:KERNEL32.dll
 0002:0001501f       InitializeSListHead        000000014002601f f   kernel32:KERNEL32.dll
 0002:00015025       GetStartupInfoW            0000000140026025 f   kernel32:KERNEL32.dll
 0002:0001502b       GetModuleHandleW           000000014002602b f   kernel32:KERNEL32.dll
 0002:00015031       GetLastError               0000000140026031 f   kernel32:KERNEL32.dll
 0002:00015037       HeapAlloc                  0000000140026037 f   kernel32:KERNEL32.dll
 0002:0001503d       HeapFree                   000000014002603d f   kernel32:KERNEL32.dll
 0002:00015043       GetProcessHeap             0000000140026043 f   kernel32:KERNEL32.dll
 0002:00015049       VirtualQuery               0000000140026049 f   kernel32:KERNEL32.dll
 0002:0001504f       FreeLibrary                000000014002604f f   kernel32:KERNEL32.dll
 0002:00015055       GetProcAddress             0000000140026055 f   kernel32:KERNEL32.dll
 0002:0001505b       GetCommandLineW            000000014002605b f   kernel32:KERNEL32.dll
 0002:00015061       LocalFree                  0000000140026061 f   kernel32:KERNEL32.dll
 0002:00015067       CommandLineToArgvW         0000000140026067 f   shell32:SHELL32.dll
 0002:00015070       __acrt_initialize          0000000140026070 f   MSVCRTD:ucrt_stubs.obj
 0002:00015070       __scrt_stub_for_acrt_initialize 0000000140026070 f   MSVCRTD:ucrt_stubs.obj
 0002:00015070       __vcrt_initialize          0000000140026070 f   MSVCRTD:ucrt_stubs.obj
 0002:00015080       __acrt_thread_attach       0000000140026080 f   MSVCRTD:ucrt_stubs.obj
 0002:00015080       __scrt_stub_for_acrt_thread_attach 0000000140026080 f   MSVCRTD:ucrt_stubs.obj
 0002:00015080       __vcrt_thread_attach       0000000140026080 f   MSVCRTD:ucrt_stubs.obj
 0002:00015090       __acrt_thread_detach       0000000140026090 f   MSVCRTD:ucrt_stubs.obj
 0002:00015090       __scrt_stub_for_acrt_thread_detach 0000000140026090 f   MSVCRTD:ucrt_stubs.obj
 0002:00015090       __vcrt_thread_detach       0000000140026090 f   MSVCRTD:ucrt_stubs.obj
 0002:000150a0       __acrt_uninitialize        00000001400260a0 f   MSVCRTD:ucrt_stubs.obj
 0002:000150a0       __scrt_stub_for_acrt_uninitialize 00000001400260a0 f   MSVCRTD:ucrt_stubs.obj
 0002:000150a0       __vcrt_uninitialize        00000001400260a0 f   MSVCRTD:ucrt_stubs.obj
 0002:000150b0       __acrt_uninitialize_critical 00000001400260b0 f   MSVCRTD:ucrt_stubs.obj
 0002:000150b0       __scrt_stub_for_acrt_uninitialize_critical 00000001400260b0 f   MSVCRTD:ucrt_stubs.obj
 0002:000150b0       __vcrt_uninitialize_critical 00000001400260b0 f   MSVCRTD:ucrt_stubs.obj
 0002:000150c0       __scrt_stub_for_is_c_termination_complete 00000001400260c0 f   MSVCRTD:ucrt_stubs.obj
 0002:000150c0       _is_c_termination_complete 00000001400260c0 f   MSVCRTD:ucrt_stubs.obj
 0002:00016600       _guard_dispatch_icall_nop  0000000140027600 f   MSVCRTD:guard_dispatch.obj
 0002:00016620       _guard_xfg_dispatch_icall_nop 0000000140027620 f   MSVCRTD:guard_xfg_dispatch.obj
 0003:00000000       __xc_a                     000000014002b000     MSVCRTD:initializers.obj
 0003:00000458       __xc_z                     000000014002b458     MSVCRTD:initializers.obj
 0003:00000568       __xi_a                     000000014002b568     MSVCRTD:initializers.obj
 0003:00000898       __xi_z                     000000014002b898     MSVCRTD:initializers.obj
 0003:000009a8       __xp_a                     000000014002b9a8     MSVCRTD:initializers.obj
 0003:00000ab8       __xp_z                     000000014002bab8     MSVCRTD:initializers.obj
 0003:00000bc8       __xt_a                     000000014002bbc8     MSVCRTD:initializers.obj
 0003:00000cd8       __xt_z                     000000014002bcd8     MSVCRTD:initializers.obj
 0003:00001498       ??_7exception@std@@6B@     000000014002c498     Game.obj
 0003:000014b0       ??_C@_0BC@EOODALEL@Unknown?5exception@ 000000014002c4b0     Game.obj
 0003:000014d0       ??_7bad_alloc@std@@6B@     000000014002c4d0     Game.obj
 0003:000014f0       ??_7bad_array_new_length@std@@6B@ 000000014002c4f0     Game.obj
 0003:00001508       ??_C@_0BF@KINCDENJ@bad?5array?5new?5length@ 000000014002c508     Game.obj
 0003:00001528       ??_C@_0BB@FCMFBGOM@invalid?5argument@ 000000014002c528     Game.obj
 0003:0000153c       ??_C@_02DKCKIIND@?$CFs@    000000014002c53c     Game.obj
 0003:00001540       ??_C@_0GC@JDLAECEI@C?3?2Program?5Files?2Microsoft?5Visu@ 000000014002c540     Game.obj
 0003:000015c0       ??_C@_1ME@PPIEIJND@?$AAC?$AA?3?$AA?2?$AAP?$AAr?$AAo?$AAg?$AAr?$AAa?$AAm?$AA?5?$AAF?$AAi?$AAl?$AAe@ 000000014002c5c0     Game.obj
 0003:000016ac       ??_C@_11LOCGONAA@@         000000014002c6ac     Game.obj
 0003:000016b0       ??_C@_1CG@JNLFBNGN@?$AA?$CC?$AAi?$AAn?$AAv?$AAa?$AAl?$AAi?$AAd?$AA?5?$AAa?$AAr?$AAg?$AAu?$AAm?$AAe@ 000000014002c6b0     Game.obj
 0003:000016e0       ??_C@_0BA@JFNIOLAK@string?5too?5long@ 000000014002c6e0     Game.obj
 0003:000016f8       ??_C@_0BM@EANPKOKA@SDL?5initialization?5failed?3?5@ 000000014002c6f8     Game.obj
 0003:00001720       ??_C@_0M@HIDLNHDE@WIZARD?5TIME@ 000000014002c720     Game.obj
 0003:00001730       ??_C@_0BJ@CAOAKD@Window?5creation?5failed?3?5@ 000000014002c730     Game.obj
 0003:00001750       ??_C@_0BL@EIKNHCIF@Renderer?5creation?5failed?3?5@ 000000014002c750     Game.obj
 0003:00001770       ??_C@_0CA@COGLKKFL@SDL_ttf?5initialization?5failed?3?5@ 000000014002c770     Game.obj
 0003:00001798       ??_C@_0CC@NHNLGDBB@SDL_image?5initialization?5failed@ 000000014002c798     Game.obj
 0003:000017c0       ??_C@_0BA@OKPBFABF@Assets?1Font?4ttf@ 000000014002c7c0     Game.obj
 0003:000017d4       ??_C@_05IPNNCKNB@00?300@   000000014002c7d4     Game.obj
 0003:000017dc       ??_C@_01EEMJAFIK@?6@       000000014002c7dc     Game.obj
 0003:000017e0       ??_C@_03CPFCODKL@00?3@     000000014002c7e0     Game.obj
 0003:000017e8       ??_C@_0DG@KGHKKGBC@null?5pointer?5cannot?5point?5to?5a?5@ 000000014002c7e8     Game.obj
 0003:00001830       ??_C@_1HA@FACCKGGH@?$AA?$CC?$AAn?$AAu?$AAl?$AAl?$AA?5?$AAp?$AAo?$AAi?$AAn?$AAt?$AAe?$AAr?$AA?5?$AAc@ 000000014002c830     Game.obj
 0003:000018b8       ??_C@_0BI@CFPLBAOH@invalid?5string?5position@ 000000014002c8b8     Game.obj
 0003:000018d8       ??_C@_0BJ@HAJGEHKO@transposed?5pointer?5range@ 000000014002c8d8     Game.obj
 0003:00001900       ??_C@_0GD@LLGPHNLA@C?3?2Program?5Files?2Microsoft?5Visu@ 000000014002c900     Game.obj
 0003:00001980       ??_C@_1MG@DDLBHPNO@?$AAC?$AA?3?$AA?2?$AAP?$AAr?$AAo?$AAg?$AAr?$AAa?$AAm?$AA?5?$AAF?$AAi?$AAl?$AAe@ 000000014002c980     Game.obj
 0003:00001a70       ??_C@_1DG@FJIKMGFD@?$AA?$CC?$AAt?$AAr?$AAa?$AAn?$AAs?$AAp?$AAo?$AAs?$AAe?$AAd?$AA?5?$AAp?$AAo?$AAi@ 000000014002ca70     Game.obj
 0003:00001bd0       ??_C@_0BE@HINLGNMB@Assets?1Player_1?4png@ 000000014002cbd0     Gameworld.obj
 0003:00001be8       ??_C@_0BE@EIEIOAJL@Assets?1TEST_MAP?4map@ 000000014002cbe8     Gameworld.obj
 0003:00001cd8       ??_C@_0BF@HHGEIMG@Can?8t?5find?5renderer?6@ 000000014002ccd8     Splashscreen.obj
 0003:00001cf4       ??_C@_05MENJNIAF@W?3?5UP@  000000014002ccf4     Splashscreen.obj
 0003:00001d00       ??_C@_07OPFMGJKK@A?3?5LEFT@ 000000014002cd00     Splashscreen.obj
 0003:00001d10       ??_C@_08PDAAHIBL@D?3?5RIGHT@ 000000014002cd10     Splashscreen.obj
 0003:00001d20       ??_C@_0N@CBMHFAGF@SPACE?3?5MAGIC@ 000000014002cd20     Splashscreen.obj
 0003:00002a90       ??_7bad_cast@std@@6B@      000000014002da90     Tilemap.obj
 0003:00002aa8       ??_C@_08EPJLHIJG@bad?5cast@ 000000014002daa8     Tilemap.obj
 0003:00002ac0       ??_7?$basic_filebuf@DU?$char_traits@D@std@@@std@@6B@ 000000014002dac0     Tilemap.obj
 0003:00002b60       ??_7?$basic_ifstream@DU?$char_traits@D@std@@@std@@6B@ 000000014002db60     Tilemap.obj
 0003:00002b70       ??_8?$basic_ifstream@DU?$char_traits@D@std@@@std@@7B@ 000000014002db70     Tilemap.obj
 0003:00002b80       ??_C@_0BA@NPKPJBEB@Cant?5find?5file?6@ 000000014002db80     Tilemap.obj
 0003:00002b98       ??_C@_0BI@JMBCPANH@assets?1Tile_Brick_1?4png@ 000000014002db98     Tilemap.obj
 0003:00002bb8       ??_C@_0BO@PFKOHNJC@vector?5subscript?5out?5of?5range@ 000000014002dbb8     Tilemap.obj
 0003:00002be0       ??_C@_0GB@IOFJAIJA@C?3?2Program?5Files?2Microsoft?5Visu@ 000000014002dbe0     Tilemap.obj
 0003:00002c60       ??_C@_1MC@JLIINM@?$AAC?$AA?3?$AA?2?$AAP?$AAr?$AAo?$AAg?$AAr?$AAa?$AAm?$AA?5?$AAF?$AAi?$AAl?$AAe@ 000000014002dc60     Tilemap.obj
 0003:00002d50       ??_C@_1EA@LEKOKFNB@?$AA?$CC?$AAv?$AAe?$AAc?$AAt?$AAo?$AAr?$AA?5?$AAs?$AAu?$AAb?$AAs?$AAc?$AAr?$AAi@ 000000014002dd50     Tilemap.obj
 0003:00002da0       ??_C@_0GC@GKHNEOKB@C?3?2Program?5Files?2Microsoft?5Visu@ 000000014002dda0     Tilemap.obj
 0003:00002e20       ??_C@_1ME@BBAIHAAC@?$AAC?$AA?3?$AA?2?$AAP?$AAr?$AAo?$AAg?$AAr?$AAa?$AAm?$AA?5?$AAF?$AAi?$AAl?$AAe@ 000000014002de20     Tilemap.obj
 0003:00002f10       ??_C@_0BP@PFIPNLNI@front?$CI?$CJ?5called?5on?5empty?5string@ 000000014002df10     Tilemap.obj
 0003:00002f40       ??_C@_1EC@DINNLDHA@?$AA?$CC?$AAf?$AAr?$AAo?$AAn?$AAt?$AA?$CI?$AA?$CJ?$AA?5?$AAc?$AAa?$AAl?$AAl?$AAe?$AAd@ 000000014002df40     Tilemap.obj
 0003:00002f90       ??_C@_0BA@FOIKENOD@vector?5too?5long@ 000000014002df90     Tilemap.obj
 0003:00002fa8       ??_C@_0BB@OHHCHEIH@Can?8t?5find?5font?6@ 000000014002dfa8     UI.obj
 0003:00003038       ??_C@_0DK@PCBCHJKC@D?3?2a?2_work?21?2s?2src?2vctools?2crt?2@ 000000014002e038     msvcprtd:locale0_implib.obj
[...]
 0007:0000059d       __80ACC00B_ammintrin@h     000000014003c59d     UI.obj
 0007:0000059e       __0DCDCC78_intrin@h        000000014003c59e     UI.obj
 0007:0000059f       __7A3F6459_SDL_endian@h    000000014003c59f     UI.obj
 0007:000005a0       __59C756B9_SDL_mutex@h     000000014003c5a0     UI.obj
 0007:000005a1       __D5227AE2_vcruntime_startup@h 000000014003c5a1     UI.obj
 0007:000005a2       __005E73E1_corecrt_startup@h 000000014003c5a2     UI.obj
 0007:000005a3       __8B12B2C4_process@h       000000014003c5a3     UI.obj
 0007:000005a4       __B416E987_SDL_thread@h    000000014003c5a4     UI.obj
 0007:000005a5       __F93BF54A_SDL_rwops@h     000000014003c5a5     UI.obj
 0007:000005a6       __AD38A102_SDL_audio@h     000000014003c5a6     UI.obj
 0007:000005a7       __B2627313_SDL_clipboard@h 000000014003c5a7     UI.obj
 0007:000005a8       __1AB942FD_SDL_cpuinfo@h   000000014003c5a8     UI.obj
 0007:000005a9       __DCB3A287_SDL_pixels@h    000000014003c5a9     UI.obj
 0007:000005aa       __457F31CE_SDL_rect@h      000000014003c5aa     UI.obj
 0007:000005ab       __197134FA_SDL_blendmode@h 000000014003c5ab     UI.obj
 0007:000005ac       __72716086_SDL_surface@h   000000014003c5ac     UI.obj
 0007:000005ad       __31837E1A_SDL_video@h     000000014003c5ad     UI.obj
 0007:000005ae       __B3A95C86_SDL_scancode@h  000000014003c5ae     UI.obj
 0007:000005af       __69FFF255_SDL_keycode@h   000000014003c5af     UI.obj
 0007:000005b0       __2076B894_SDL_keyboard@h  000000014003c5b0     UI.obj
 0007:000005b1       __A7666694_SDL_mouse@h     000000014003c5b1     UI.obj
 0007:000005b2       __051F7670_SDL_guid@h      000000014003c5b2     UI.obj
 0007:000005b3       __21AB0010_SDL_joystick@h  000000014003c5b3     UI.obj
 0007:000005b4       __BCC4896D_SDL_sensor@h    000000014003c5b4     UI.obj
 0007:000005b5       __CE7D3E17_SDL_gamecontroller@h 000000014003c5b5     UI.obj
 0007:000005b6       __CCB63486_SDL_quit@h      000000014003c5b6     UI.obj
 0007:000005b7       __0DE17B45_SDL_touch@h     000000014003c5b7     UI.obj
 0007:000005b8       __6A4AEB4C_SDL_gesture@h   000000014003c5b8     UI.obj
 0007:000005b9       __244B2ECB_SDL_events@h    000000014003c5b9     UI.obj
 0007:000005ba       __37EDAFE1_SDL_filesystem@h 000000014003c5ba     UI.obj
 0007:000005bb       __DA29A963_SDL_haptic@h    000000014003c5bb     UI.obj
 0007:000005bc       __F90722B8_SDL_hidapi@h    000000014003c5bc     UI.obj
 0007:000005bd       __B14BEBC6_SDL_hints@h     000000014003c5bd     UI.obj
 0007:000005be       __9088D4E7_SDL_loadso@h    000000014003c5be     UI.obj
 0007:000005bf       __C8E28B65_SDL_log@h       000000014003c5bf     UI.obj
 0007:000005c0       __031AAB28_SDL_messagebox@h 000000014003c5c0     UI.obj
 0007:000005c1       __CE5CC8D9_SDL_metal@h     000000014003c5c1     UI.obj
 0007:000005c2       __B7B4754C_SDL_power@h     000000014003c5c2     UI.obj
 0007:000005c3       __CD132205_SDL_render@h    000000014003c5c3     UI.obj
 0007:000005c4       __0A572F13_SDL_shape@h     000000014003c5c4     UI.obj
 0007:000005c5       __6915B6AB_SDL_system@h    000000014003c5c5     UI.obj
 0007:000005c6       __BFF23D61_SDL_timer@h     000000014003c5c6     UI.obj
 0007:000005c7       __61B59C52_SDL_version@h   000000014003c5c7     UI.obj
 0007:000005c8       __104D3883_SDL_locale@h    000000014003c5c8     UI.obj
 0007:000005c9       __3B7F8EEB_SDL_misc@h      000000014003c5c9     UI.obj
 0007:000005ca       __845747DB_SDL@h           000000014003c5ca     UI.obj
 0007:000005cb       __A42BA162_SDL_ttf@h       000000014003c5cb     UI.obj
 0007:000005cc       __1117DBDF_UI@h            000000014003c5cc     UI.obj
 0007:000005cd       __64CE24B0_UI@cpp          000000014003c5cd     UI.obj
 0007:000005f1       __4DE9CACC_V2D@h           000000014003c5f1     V2D.obj
 0007:000005f2       __6F91192E_V2D@cpp         000000014003c5f2     V2D.obj
 0007:000005f3       __2972590E_concurrencysal@h 000000014003c5f3     WizardTime.obj
 0007:000005f4       __196CC136_sal@h           000000014003c5f4     WizardTime.obj
 0007:000005f5       __C395F66A_vadefs@h        000000014003c5f5     WizardTime.obj
 0007:000005f6       __D5C25611_vcruntime@h     000000014003c5f6     WizardTime.obj
 0007:000005f7       __311F130C_xkeycheck@h     000000014003c5f7     WizardTime.obj
 0007:000005f8       __AEBEEEE9_yvals_core@h    000000014003c5f8     WizardTime.obj
 0007:000005f9       __05EEB633_limits@h        000000014003c5f9     WizardTime.obj
 0007:000005fa       __7CE37BCF_climits         000000014003c5fa     WizardTime.obj
 0007:000005fb       __1B0272D9_corecrt@h       000000014003c5fb     WizardTime.obj
 0007:000005fc       __D5F74309_vcruntime_new@h 000000014003c5fc     WizardTime.obj
 0007:000005fd       __ED298667_vcruntime_new_debug@h 000000014003c5fd     WizardTime.obj
 0007:000005fe       __935DC21B_crtdbg@h        000000014003c5fe     WizardTime.obj
 0007:000005ff       __B40C025A_crtdefs@h       000000014003c5ff     WizardTime.obj
 0007:00000600       __97CA0262_use_ansi@h      000000014003c600     WizardTime.obj
 0007:00000601       __4E4CEF82_yvals@h         000000014003c601     WizardTime.obj
 0007:00000602       __BB16330F_corecrt_math@h  000000014003c602     WizardTime.obj
 0007:00000603       __3BF2A406_math@h          000000014003c603     WizardTime.obj
 0007:00000604       __45DED006_corecrt_malloc@h 000000014003c604     WizardTime.obj
 0007:00000605       __13F5961F_stddef@h        000000014003c605     WizardTime.obj
 0007:00000606       __FD6DBD68_corecrt_search@h 000000014003c606     WizardTime.obj
 0007:00000607       __E2E33A61_corecrt_wstdlib@h 000000014003c607     WizardTime.obj
 0007:00000608       __6E5ACABA_stdlib@h        000000014003c608     WizardTime.obj
 0007:00000609       __F80C593D_cstdlib         000000014003c609     WizardTime.obj
 0007:0000060a       __6CC4302B_xtr1common      000000014003c60a     WizardTime.obj
 0007:0000060b       __7178C802_intrin0@inl@h   000000014003c60b     WizardTime.obj
 0007:0000060c       __AD21BB51_intrin0@h       000000014003c60c     WizardTime.obj
 0007:0000060d       __7BD6CF81_cmath           000000014003c60d     WizardTime.obj
 0007:0000060e       __44420885_corecrt_stdio_config@h 000000014003c60e     WizardTime.obj
 0007:0000060f       __AB601D8D_corecrt_wstdio@h 000000014003c60f     WizardTime.obj
 0007:00000610       __C1EC35D3_stdio@h         000000014003c610     WizardTime.obj
 0007:00000611       __FAE305CF_cstdio          000000014003c611     WizardTime.obj
 0007:00000612       __61CC25A1_errno@h         000000014003c612     WizardTime.obj
 0007:00000613       __4BC88476_vcruntime_string@h 000000014003c613     WizardTime.obj
 0007:00000614       __E4C945B4_corecrt_memcpy_s@h 000000014003c614     WizardTime.obj
 0007:00000615       __8EAFF484_corecrt_memory@h 000000014003c615     WizardTime.obj
 0007:00000616       __6490AEC5_corecrt_wstring@h 000000014003c616     WizardTime.obj
 0007:00000617       __E8295E1E_string@h        000000014003c617     WizardTime.obj
 0007:00000618       __B49EF1DD_cstring         000000014003c618     WizardTime.obj
 0007:00000619       __EF1F6BBA_corecrt_wconio@h 000000014003c619     WizardTime.obj
 0007:0000061a       __74484FB3_corecrt_wctype@h 000000014003c61a     WizardTime.obj
 0007:0000061b       __3D1D430C_corecrt_wdirect@h 000000014003c61b     WizardTime.obj
 0007:0000061c       __8ECB7138_corecrt_share@h 000000014003c61c     WizardTime.obj
 0007:0000061d       __DB7FEBA6_corecrt_wio@h   000000014003c61d     WizardTime.obj
 0007:0000061e       __9A9F0068_corecrt_wprocess@h 000000014003c61e     WizardTime.obj
 0007:0000061f       __369A9BC3_corecrt_wtime@h 000000014003c61f     WizardTime.obj
 0007:00000620       __CE789B9D_types@h         000000014003c620     WizardTime.obj
 0007:00000621       __9901C817_stat@h          000000014003c621     WizardTime.obj
 0007:00000622       __3FCAD62E_wchar@h         000000014003c622     WizardTime.obj
 0007:00000623       __6068D39C_cwchar          000000014003c623     WizardTime.obj
 0007:00000624       __23A856AA_iosfwd          000000014003c624     WizardTime.obj
 0007:00000625       __5DC78390_cstddef         000000014003c625     WizardTime.obj
 0007:00000626       __33B42F3D_initializer_list 000000014003c626     WizardTime.obj
 0007:00000627       __BB98980C_stdint@h        000000014003c627     WizardTime.obj
 0007:00000628       __4552B840_cstdint         000000014003c628     WizardTime.obj
 0007:00000629       __7FB6D5C7_type_traits     000000014003c629     WizardTime.obj
 0007:0000062a       __CF01DCB6_utility         000000014003c62a     WizardTime.obj
 0007:0000062b       __12DC71E1___msvc_iter_core@hpp 000000014003c62b     WizardTime.obj
 0007:0000062c       __D740E0F1_xutility        000000014003c62c     WizardTime.obj
 0007:0000062d       __C6EC57B1_iterator        000000014003c62d     WizardTime.obj
 0007:0000062e       __F7972D0B_share@h         000000014003c62e     WizardTime.obj
 0007:0000062f       __3D410F40___msvc_system_error_abi@hpp 000000014003c62f     WizardTime.obj
 0007:00000630       __67C27134_cerrno          000000014003c630     WizardTime.obj
 0007:00000631       __FA77ED4C_malloc@h        000000014003c631     WizardTime.obj
 0007:00000632       __89766DA4_corecrt_terminate@h 000000014003c632     WizardTime.obj
 0007:00000633       __27A4BD10_eh@h            000000014003c633     WizardTime.obj
 0007:00000634       __E5C78335_vcruntime_exception@h 000000014003c634     WizardTime.obj
 0007:00000635       __7C536CCC_exception       000000014003c635     WizardTime.obj
 0007:00000636       __B9985323_float@h         000000014003c636     WizardTime.obj
 0007:00000637       __89A7CE48_cfloat          000000014003c637     WizardTime.obj
 0007:00000638       __98438E05_isa_availability@h 000000014003c638     WizardTime.obj
 0007:00000639       __EF41832C_limits          000000014003c639     WizardTime.obj
 0007:0000063a       __0DB0C2E5_new             000000014003c63a     WizardTime.obj
 0007:0000063b       __765FE01A_xatomic@h       000000014003c63b     WizardTime.obj
 0007:0000063c       __A594BF75_xmemory         000000014003c63c     WizardTime.obj
 0007:0000063d       __DFFCB714___msvc_sanitizer_annotate_container@hpp 000000014003c63d     WizardTime.obj
 0007:0000063e       __D14739E9_xstring         000000014003c63e     WizardTime.obj
 0007:0000063f       __F51D5691_stdexcept       000000014003c63f     WizardTime.obj
 0007:00000640       __ED2630B9_xcall_once@h    000000014003c640     WizardTime.obj
 0007:00000641       __E6D9FA8D_xerrc@h         000000014003c641     WizardTime.obj
 0007:00000642       __0A9237D2_time@h          000000014003c642     WizardTime.obj
 0007:00000643       __BD655389_ctime           000000014003c643     WizardTime.obj
 0007:00000644       __618403B0_xtimec@h        000000014003c644     WizardTime.obj
 0007:00000645       __F68435D1_xthreads@h      000000014003c645     WizardTime.obj
 0007:00000646       __8474DFEE_atomic          000000014003c646     WizardTime.obj
 0007:00000647       __527B2299_system_error    000000014003c647     WizardTime.obj
 0007:00000648       __0632977E_vcruntime_typeinfo@h 000000014003c648     WizardTime.obj
 0007:00000649       __A79F13E8_typeinfo        000000014003c649     WizardTime.obj
 0007:0000064a       __53EF8FA2_memory          000000014003c64a     WizardTime.obj
 0007:0000064b       __7FAAD8AD_xfacet          000000014003c64b     WizardTime.obj
 0007:0000064c       __53FF2065___msvc_xlocinfo_types@hpp 000000014003c64c     WizardTime.obj
 0007:0000064d       __1EC467ED_ctype@h         000000014003c64d     WizardTime.obj
 0007:0000064e       __F528E268_cctype          000000014003c64e     WizardTime.obj
 0007:0000064f       __791C33B7_locale@h        000000014003c64f     WizardTime.obj
 0007:00000650       __6BA085EC_clocale         000000014003c650     WizardTime.obj
 0007:00000651       __B816F020_xlocinfo        000000014003c651     WizardTime.obj
 0007:00000652       __0E794DD8_xlocale         000000014003c652     WizardTime.obj
 0007:00000653       __81F38733_xiosbase        000000014003c653     WizardTime.obj
 0007:00000654       __F7BDEE2D_streambuf       000000014003c654     WizardTime.obj
 0007:00000655       __90FE2BCF_xlocnum         000000014003c655     WizardTime.obj
 0007:00000656       __F57DF8F3_ios             000000014003c656     WizardTime.obj
 0007:00000657       __1D69971C_ostream         000000014003c657     WizardTime.obj
 0007:00000658       __7EB9A226_istream         000000014003c658     WizardTime.obj
 0007:00000659       __B5399AEE_iostream        000000014003c659     WizardTime.obj
 0007:0000065a       __273C093E_string          000000014003c65a     WizardTime.obj
 0007:0000065b       __A2ECF3CC_vector          000000014003c65b     WizardTime.obj
 0007:0000065c       __C7E92177___msvc_filebuf@hpp 000000014003c65c     WizardTime.obj
 0007:0000065d       __88F1D2CF_fstream         000000014003c65d     WizardTime.obj
 0007:0000065e       __0ED14FEE_winpackagefamily@h 000000014003c65e     WizardTime.obj
 0007:0000065f       __F92EF742_winapifamily@h  000000014003c65f     WizardTime.obj
 0007:00000660       __A2876721_begin_code@h    000000014003c660     WizardTime.obj
 0007:00000661       __353C8186_close_code@h    000000014003c661     WizardTime.obj
 0007:00000662       __6F25239C_SDL_platform@h  000000014003c662     WizardTime.obj
 0007:00000663       __82C05923_winsdkver@h     000000014003c663     WizardTime.obj
 0007:00000664       __22E515EB_sdkddkver@h     000000014003c664     WizardTime.obj
 0007:00000665       __F389C1BD_SDL_config@h    000000014003c665     WizardTime.obj
 0007:00000666       __8F4726C3_stdarg@h        000000014003c666     WizardTime.obj
 0007:00000667       __53FE1C70_SDL_stdinc@h    000000014003c667     WizardTime.obj
 0007:00000668       __3C73E182_SDL_main@h      000000014003c668     WizardTime.obj
 0007:00000669       __70429658_SDL_assert@h    000000014003c669     WizardTime.obj
 0007:0000066a       __6FF0449C_SDL_atomic@h    000000014003c66a     WizardTime.obj
 0007:0000066b       __9A47B874_SDL_error@h     000000014003c66b     WizardTime.obj
 0007:0000066c       __2BFB700F_setjmp@h        000000014003c66c     WizardTime.obj
 0007:0000066d       __52EAA9E1_mmintrin@h      000000014003c66d     WizardTime.obj
 0007:0000066e       __55173A45_xmmintrin@h     000000014003c66e     WizardTime.obj
 0007:0000066f       __3075B389_emmintrin@h     000000014003c66f     WizardTime.obj
 0007:00000670       __EFD4DB00_pmmintrin@h     000000014003c670     WizardTime.obj
 0007:00000671       __5F0DA882_tmmintrin@h     000000014003c671     WizardTime.obj
 0007:00000672       __7636BD01_smmintrin@h     000000014003c672     WizardTime.obj
 0007:00000673       __135434CD_nmmintrin@h     000000014003c673     WizardTime.obj
 0007:00000674       __C6EFCE83_wmmintrin@h     000000014003c674     WizardTime.obj
 0007:00000675       __0D7B8384_zmmintrin@h     000000014003c675     WizardTime.obj
 0007:00000676       __3A6F214E_immintrin@h     000000014003c676     WizardTime.obj
 0007:00000677       __80ACC00B_ammintrin@h     000000014003c677     WizardTime.obj
 0007:00000678       __0DCDCC78_intrin@h        000000014003c678     WizardTime.obj
 0007:00000679       __7A3F6459_SDL_endian@h    000000014003c679     WizardTime.obj
 0007:0000067a       __59C756B9_SDL_mutex@h     000000014003c67a     WizardTime.obj
 0007:0000067b       __D5227AE2_vcruntime_startup@h 000000014003c67b     WizardTime.obj
 0007:0000067c       __005E73E1_corecrt_startup@h 000000014003c67c     WizardTime.obj
 0007:0000067d       __8B12B2C4_process@h       000000014003c67d     WizardTime.obj
 0007:0000067e       __B416E987_SDL_thread@h    000000014003c67e     WizardTime.obj
 0007:0000067f       __F93BF54A_SDL_rwops@h     000000014003c67f     WizardTime.obj
 0007:00000680       __AD38A102_SDL_audio@h     000000014003c680     WizardTime.obj
 0007:00000681       __B2627313_SDL_clipboard@h 000000014003c681     WizardTime.obj
 0007:00000682       __1AB942FD_SDL_cpuinfo@h   000000014003c682     WizardTime.obj
 0007:00000683       __DCB3A287_SDL_pixels@h    000000014003c683     WizardTime.obj
 0007:00000684       __457F31CE_SDL_rect@h      000000014003c684     WizardTime.obj
 0007:00000685       __197134FA_SDL_blendmode@h 000000014003c685     WizardTime.obj
 0007:00000686       __72716086_SDL_surface@h   000000014003c686     WizardTime.obj
 0007:00000687       __31837E1A_SDL_video@h     000000014003c687     WizardTime.obj
 0007:00000688       __B3A95C86_SDL_scancode@h  000000014003c688     WizardTime.obj
 0007:00000689       __69FFF255_SDL_keycode@h   000000014003c689     WizardTime.obj
 0007:0000068a       __2076B894_SDL_keyboard@h  000000014003c68a     WizardTime.obj
 0007:0000068b       __A7666694_SDL_mouse@h     000000014003c68b     WizardTime.obj
 0007:0000068c       __051F7670_SDL_guid@h      000000014003c68c     WizardTime.obj
 0007:0000068d       __21AB0010_SDL_joystick@h  000000014003c68d     WizardTime.obj
 0007:0000068e       __BCC4896D_SDL_sensor@h    000000014003c68e     WizardTime.obj
 0007:0000068f       __CE7D3E17_SDL_gamecontroller@h 000000014003c68f     WizardTime.obj
 0007:00000690       __CCB63486_SDL_quit@h      000000014003c690     WizardTime.obj
 0007:00000691       __0DE17B45_SDL_touch@h     000000014003c691     WizardTime.obj
 0007:00000692       __6A4AEB4C_SDL_gesture@h   000000014003c692     WizardTime.obj
 0007:00000693       __244B2ECB_SDL_events@h    000000014003c693     WizardTime.obj
 0007:00000694       __37EDAFE1_SDL_filesystem@h 000000014003c694     WizardTime.obj
 0007:00000695       __DA29A963_SDL_haptic@h    000000014003c695     WizardTime.obj
 0007:00000696       __F90722B8_SDL_hidapi@h    000000014003c696     WizardTime.obj
 0007:00000697       __B14BEBC6_SDL_hints@h     000000014003c697     WizardTime.obj
 0007:00000698       __9088D4E7_SDL_loadso@h    000000014003c698     WizardTime.obj
 0007:00000699       __C8E28B65_SDL_log@h       000000014003c699     WizardTime.obj
 0007:0000069a       __031AAB28_SDL_messagebox@h 000000014003c69a     WizardTime.obj
 0007:0000069b       __CE5CC8D9_SDL_metal@h     000000014003c69b     WizardTime.obj
 0007:0000069c       __B7B4754C_SDL_power@h     000000014003c69c     WizardTime.obj
 0007:0000069d       __CD132205_SDL_render@h    000000014003c69d     WizardTime.obj
 0007:0000069e       __0A572F13_SDL_shape@h     000000014003c69e     WizardTime.obj
 0007:0000069f       __6915B6AB_SDL_system@h    000000014003c69f     WizardTime.obj
 0007:000006a0       __BFF23D61_SDL_timer@h     000000014003c6a0     WizardTime.obj
 0007:000006a1       __61B59C52_SDL_version@h   000000014003c6a1     WizardTime.obj
 0007:000006a2       __104D3883_SDL_locale@h    000000014003c6a2     WizardTime.obj
 0007:000006a3       __3B7F8EEB_SDL_misc@h      000000014003c6a3     WizardTime.obj
 0007:000006a4       __845747DB_SDL@h           000000014003c6a4     WizardTime.obj
 0007:000006a5       __A42BA162_SDL_ttf@h       000000014003c6a5     WizardTime.obj
 0007:000006a6       __6CC1B08D_SDL_image@h     000000014003c6a6     WizardTime.obj
 0007:000006a7       __1117DBDF_UI@h            000000014003c6a7     WizardTime.obj
 0007:000006a8       __23079775_Splashscreen@h  000000014003c6a8     WizardTime.obj
 0007:000006a9       __4DE9CACC_V2D@h           000000014003c6a9     WizardTime.obj
 0007:000006aa       __D9C75B77_Obj@h           000000014003c6aa     WizardTime.obj
 0007:000006ab       __CFE0EAE2_Tilemap@h       000000014003c6ab     WizardTime.obj
 0007:000006ac       __EC22DB91_Gameworld@h     000000014003c6ac     WizardTime.obj
 0007:000006ad       __B2294197_Timelimit@h     000000014003c6ad     WizardTime.obj
 0007:000006ae       __61198008_Game@h          000000014003c6ae     WizardTime.obj
 0007:000006af       __353044C6_WizardTime@cpp  000000014003c6af     WizardTime.obj
 0009:00000170       $R000000                   000000014003e170     * linker generated manifest res *
